Archive member included to satisfy reference by file (symbol)

C:/ST/STM32CubeIDE_1.13.2/STM32CubeIDE/plugins/com.st.stm32cube.ide.mcu.externaltools.gnu-tools-for-stm32.11.3.rel1.win32_1.1.1.202309131626/tools/bin/../lib/gcc/arm-none-eabi/11.3.1/../../../../arm-none-eabi/lib/thumb/v7e-m+fp/hard\libc_nano.a(libc_a-exit.o)
                              C:/ST/STM32CubeIDE_1.13.2/STM32CubeIDE/plugins/com.st.stm32cube.ide.mcu.externaltools.gnu-tools-for-stm32.11.3.rel1.win32_1.1.1.202309131626/tools/bin/../lib/gcc/arm-none-eabi/11.3.1/../../../../arm-none-eabi/lib/thumb/v7e-m+fp/hard/crt0.o (exit)
C:/ST/STM32CubeIDE_1.13.2/STM32CubeIDE/plugins/com.st.stm32cube.ide.mcu.externaltools.gnu-tools-for-stm32.11.3.rel1.win32_1.1.1.202309131626/tools/bin/../lib/gcc/arm-none-eabi/11.3.1/../../../../arm-none-eabi/lib/thumb/v7e-m+fp/hard\libc_nano.a(libc_a-findfp.o)
                              C:/ST/STM32CubeIDE_1.13.2/STM32CubeIDE/plugins/com.st.stm32cube.ide.mcu.externaltools.gnu-tools-for-stm32.11.3.rel1.win32_1.1.1.202309131626/tools/bin/../lib/gcc/arm-none-eabi/11.3.1/../../../../arm-none-eabi/lib/thumb/v7e-m+fp/hard\libc_nano.a(libc_a-exit.o) (__stdio_exit_handler)
C:/ST/STM32CubeIDE_1.13.2/STM32CubeIDE/plugins/com.st.stm32cube.ide.mcu.externaltools.gnu-tools-for-stm32.11.3.rel1.win32_1.1.1.202309131626/tools/bin/../lib/gcc/arm-none-eabi/11.3.1/../../../../arm-none-eabi/lib/thumb/v7e-m+fp/hard\libc_nano.a(libc_a-fwalk.o)
                              C:/ST/STM32CubeIDE_1.13.2/STM32CubeIDE/plugins/com.st.stm32cube.ide.mcu.externaltools.gnu-tools-for-stm32.11.3.rel1.win32_1.1.1.202309131626/tools/bin/../lib/gcc/arm-none-eabi/11.3.1/../../../../arm-none-eabi/lib/thumb/v7e-m+fp/hard\libc_nano.a(libc_a-findfp.o) (_fwalk_sglue)
C:/ST/STM32CubeIDE_1.13.2/STM32CubeIDE/plugins/com.st.stm32cube.ide.mcu.externaltools.gnu-tools-for-stm32.11.3.rel1.win32_1.1.1.202309131626/tools/bin/../lib/gcc/arm-none-eabi/11.3.1/../../../../arm-none-eabi/lib/thumb/v7e-m+fp/hard\libc_nano.a(libc_a-stdio.o)
                              C:/ST/STM32CubeIDE_1.13.2/STM32CubeIDE/plugins/com.st.stm32cube.ide.mcu.externaltools.gnu-tools-for-stm32.11.3.rel1.win32_1.1.1.202309131626/tools/bin/../lib/gcc/arm-none-eabi/11.3.1/../../../../arm-none-eabi/lib/thumb/v7e-m+fp/hard\libc_nano.a(libc_a-findfp.o) (__sread)
C:/ST/STM32CubeIDE_1.13.2/STM32CubeIDE/plugins/com.st.stm32cube.ide.mcu.externaltools.gnu-tools-for-stm32.11.3.rel1.win32_1.1.1.202309131626/tools/bin/../lib/gcc/arm-none-eabi/11.3.1/../../../../arm-none-eabi/lib/thumb/v7e-m+fp/hard\libc_nano.a(libc_a-memset.o)
                              C:/ST/STM32CubeIDE_1.13.2/STM32CubeIDE/plugins/com.st.stm32cube.ide.mcu.externaltools.gnu-tools-for-stm32.11.3.rel1.win32_1.1.1.202309131626/tools/bin/../lib/gcc/arm-none-eabi/11.3.1/../../../../arm-none-eabi/lib/thumb/v7e-m+fp/hard/crt0.o (memset)
C:/ST/STM32CubeIDE_1.13.2/STM32CubeIDE/plugins/com.st.stm32cube.ide.mcu.externaltools.gnu-tools-for-stm32.11.3.rel1.win32_1.1.1.202309131626/tools/bin/../lib/gcc/arm-none-eabi/11.3.1/../../../../arm-none-eabi/lib/thumb/v7e-m+fp/hard\libc_nano.a(libc_a-closer.o)
                              C:/ST/STM32CubeIDE_1.13.2/STM32CubeIDE/plugins/com.st.stm32cube.ide.mcu.externaltools.gnu-tools-for-stm32.11.3.rel1.win32_1.1.1.202309131626/tools/bin/../lib/gcc/arm-none-eabi/11.3.1/../../../../arm-none-eabi/lib/thumb/v7e-m+fp/hard\libc_nano.a(libc_a-stdio.o) (_close_r)
C:/ST/STM32CubeIDE_1.13.2/STM32CubeIDE/plugins/com.st.stm32cube.ide.mcu.externaltools.gnu-tools-for-stm32.11.3.rel1.win32_1.1.1.202309131626/tools/bin/../lib/gcc/arm-none-eabi/11.3.1/../../../../arm-none-eabi/lib/thumb/v7e-m+fp/hard\libc_nano.a(libc_a-reent.o)
                              C:/ST/STM32CubeIDE_1.13.2/STM32CubeIDE/plugins/com.st.stm32cube.ide.mcu.externaltools.gnu-tools-for-stm32.11.3.rel1.win32_1.1.1.202309131626/tools/bin/../lib/gcc/arm-none-eabi/11.3.1/../../../../arm-none-eabi/lib/thumb/v7e-m+fp/hard\libc_nano.a(libc_a-closer.o) (errno)
C:/ST/STM32CubeIDE_1.13.2/STM32CubeIDE/plugins/com.st.stm32cube.ide.mcu.externaltools.gnu-tools-for-stm32.11.3.rel1.win32_1.1.1.202309131626/tools/bin/../lib/gcc/arm-none-eabi/11.3.1/../../../../arm-none-eabi/lib/thumb/v7e-m+fp/hard\libc_nano.a(libc_a-impure.o)
                              C:/ST/STM32CubeIDE_1.13.2/STM32CubeIDE/plugins/com.st.stm32cube.ide.mcu.externaltools.gnu-tools-for-stm32.11.3.rel1.win32_1.1.1.202309131626/tools/bin/../lib/gcc/arm-none-eabi/11.3.1/../../../../arm-none-eabi/lib/thumb/v7e-m+fp/hard\libc_nano.a(libc_a-reent.o) (_impure_ptr)
C:/ST/STM32CubeIDE_1.13.2/STM32CubeIDE/plugins/com.st.stm32cube.ide.mcu.externaltools.gnu-tools-for-stm32.11.3.rel1.win32_1.1.1.202309131626/tools/bin/../lib/gcc/arm-none-eabi/11.3.1/../../../../arm-none-eabi/lib/thumb/v7e-m+fp/hard\libc_nano.a(libc_a-lseekr.o)
[...]
Memory Configuration

Name             Origin             Length             Attributes
FLASH            0x0000000008100000 0x0000000000100000 xr
RAM              0x0000000010000000 0x0000000000048000 xrw
*default*        0x0000000000000000 0xffffffffffffffff

Linker script and memory map

LOAD C:/ST/STM32CubeIDE_1.13.2/STM32CubeIDE/plugins/com.st.stm32cube.ide.mcu.externaltools.gnu-tools-for-stm32.11.3.rel1.win32_1.1.1.202309131626/tools/bin/../lib/gcc/arm-none-eabi/11.3.1/thumb/v7e-m+fp/hard/crti.o
LOAD C:/ST/STM32CubeIDE_1.13.2/STM32CubeIDE/plugins/com.st.stm32cube.ide.mcu.externaltools.gnu-tools-for-stm32.11.3.rel1.win32_1.1.1.202309131626/tools/bin/../lib/gcc/arm-none-eabi/11.3.1/thumb/v7e-m+fp/hard/crtbegin.o
LOAD C:/ST/STM32CubeIDE_1.13.2/STM32CubeIDE/plugins/com.st.stm32cube.ide.mcu.externaltools.gnu-tools-for-stm32.11.3.rel1.win32_1.1.1.202309131626/tools/bin/../lib/gcc/arm-none-eabi/11.3.1/../../../../arm-none-eabi/lib/thumb/v7e-m+fp/hard/crt0.o
LOAD ./Common/Src/system_stm32h7xx_dualcore_boot_cm4_cm7.o
LOAD ./Core/Src/main.o
LOAD ./Core/Src/stm32h7xx_hal_msp.o
LOAD ./Core/Src/stm32h7xx_it.o
LOAD ./Core/Src/syscalls.o
LOAD ./Core/Src/sysmem.o
LOAD ./Core/Startup/startup_stm32h745zitx.o
LOAD ./Drivers/STM32H7xx_HAL_Driver/stm32h7xx_hal.o
LOAD ./Drivers/STM32H7xx_HAL_Driver/stm32h7xx_hal_cortex.o
LOAD ./Drivers/STM32H7xx_HAL_Driver/stm32h7xx_hal_dma.o
LOAD ./Drivers/STM32H7xx_HAL_Driver/stm32h7xx_hal_dma_ex.o
LOAD ./Drivers/STM32H7xx_HAL_Driver/stm32h7xx_hal_exti.o
LOAD ./Drivers/STM32H7xx_HAL_Driver/stm32h7xx_hal_fdcan.o
LOAD ./Drivers/STM32H7xx_HAL_Driver/stm32h7xx_hal_flash.o
LOAD ./Drivers/STM32H7xx_HAL_Driver/stm32h7xx_hal_flash_ex.o
LOAD ./Drivers/STM32H7xx_HAL_Driver/stm32h7xx_hal_gpio.o
LOAD ./Drivers/STM32H7xx_HAL_Driver/stm32h7xx_hal_hsem.o
LOAD ./Drivers/STM32H7xx_HAL_Driver/stm32h7xx_hal_i2c.o
LOAD ./Drivers/STM32H7xx_HAL_Driver/stm32h7xx_hal_i2c_ex.o
LOAD ./Drivers/STM32H7xx_HAL_Driver/stm32h7xx_hal_mdma.o
LOAD ./Drivers/STM32H7xx_HAL_Driver/stm32h7xx_hal_pwr.o
LOAD ./Drivers/STM32H7xx_HAL_Driver/stm32h7xx_hal_pwr_ex.o
LOAD ./Drivers/STM32H7xx_HAL_Driver/stm32h7xx_hal_rcc.o
LOAD ./Drivers/STM32H7xx_HAL_Driver/stm32h7xx_hal_rcc_ex.o
LOAD ./Drivers/STM32H7xx_HAL_Driver/stm32h7xx_hal_tim.o
LOAD ./Drivers/STM32H7xx_HAL_Driver/stm32h7xx_hal_tim_ex.o
LOAD ./Drivers/STM32H7xx_HAL_Driver/stm32h7xx_hal_uart.o
LOAD ./Drivers/STM32H7xx_HAL_Driver/stm32h7xx_hal_uart_ex.o
START GROUP
LOAD C:/ST/STM32CubeIDE_1.13.2/STM32CubeIDE/plugins/com.st.stm32cube.ide.mcu.externaltools.gnu-tools-for-stm32.11.3.rel1.win32_1.1.1.202309131626/tools/bin/../lib/gcc/arm-none-eabi/11.3.1/../../../../arm-none-eabi/lib/thumb/v7e-m+fp/hard\libc_nano.a
LOAD C:/ST/STM32CubeIDE_1.13.2/STM32CubeIDE/plugins/com.st.stm32cube.ide.mcu.externaltools.gnu-tools-for-stm32.11.3.rel1.win32_1.1.1.202309131626/tools/bin/../lib/gcc/arm-none-eabi/11.3.1/../../../../arm-none-eabi/lib/thumb/v7e-m+fp/hard\libm.a
END GROUP
START GROUP
LOAD C:/ST/STM32CubeIDE_1.13.2/STM32CubeIDE/plugins/com.st.stm32cube.ide.mcu.externaltools.gnu-tools-for-stm32.11.3.rel1.win32_1.1.1.202309131626/tools/bin/../lib/gcc/arm-none-eabi/11.3.1/thumb/v7e-m+fp/hard\libgcc.a
LOAD C:/ST/STM32CubeIDE_1.13.2/STM32CubeIDE/plugins/com.st.stm32cube.ide.mcu.externaltools.gnu-tools-for-stm32.11.3.rel1.win32_1.1.1.202309131626/tools/bin/../lib/gcc/arm-none-eabi/11.3.1/../../../../arm-none-eabi/lib/thumb/v7e-m+fp/hard\libc_nano.a
END GROUP
START GROUP
LOAD C:/ST/STM32CubeIDE_1.13.2/STM32CubeIDE/plugins/com.st.stm32cube.ide.mcu.externaltools.gnu-tools-for-stm32.11.3.rel1.win32_1.1.1.202309131626/tools/bin/../lib/gcc/arm-none-eabi/11.3.1/thumb/v7e-m+fp/hard\libgcc.a
LOAD C:/ST/STM32CubeIDE_1.13.2/STM32CubeIDE/plugins/com.st.stm32cube.ide.mcu.externaltools.gnu-tools-for-stm32.11.3.rel1.win32_1.1.1.202309131626/tools/bin/../lib/gcc/arm-none-eabi/11.3.1/../../../../arm-none-eabi/lib/thumb/v7e-m+fp/hard\libc_nano.a
LOAD C:/ST/STM32CubeIDE_1.13.2/STM32CubeIDE/plugins/com.st.stm32cube.ide.mcu.externaltools.gnu-tools-for-stm32.11.3.rel1.win32_1.1.1.202309131626/tools/bin/../lib/gcc/arm-none-eabi/11.3.1/../../../../arm-none-eabi/lib/thumb/v7e-m+fp/hard\libnosys.a
END GROUP
START GROUP
LOAD C:/ST/STM32CubeIDE_1.13.2/STM32CubeIDE/plugins/com.st.stm32cube.ide.mcu.externaltools.gnu-tools-for-stm32.11.3.rel1.win32_1.1.1.202309131626/tools/bin/../lib/gcc/arm-none-eabi/11.3.1/thumb/v7e-m+fp/hard\libgcc.a
LOAD C:/ST/STM32CubeIDE_1.13.2/STM32CubeIDE/plugins/com.st.stm32cube.ide.mcu.externaltools.gnu-tools-for-stm32.11.3.rel1.win32_1.1.1.202309131626/tools/bin/../lib/gcc/arm-none-eabi/11.3.1/../../../../arm-none-eabi/lib/thumb/v7e-m+fp/hard\libc_nano.a
LOAD C:/ST/STM32CubeIDE_1.13.2/STM32CubeIDE/plugins/com.st.stm32cube.ide.mcu.externaltools.gnu-tools-for-stm32.11.3.rel1.win32_1.1.1.202309131626/tools/bin/../lib/gcc/arm-none-eabi/11.3.1/../../../../arm-none-eabi/lib/thumb/v7e-m+fp/hard\libnosys.a
END GROUP
LOAD C:/ST/STM32CubeIDE_1.13.2/STM32CubeIDE/plugins/com.st.stm32cube.ide.mcu.externaltools.gnu-tools-for-stm32.11.3.rel1.win32_1.1.1.202309131626/tools/bin/../lib/gcc/arm-none-eabi/11.3.1/thumb/v7e-m+fp/hard/crtend.o
LOAD C:/ST/STM32CubeIDE_1.13.2/STM32CubeIDE/plugins/com.st.stm32cube.ide.mcu.externaltools.gnu-tools-for-stm32.11.3.rel1.win32_1.1.1.202309131626/tools/bin/../lib/gcc/arm-none-eabi/11.3.1/thumb/v7e-m+fp/hard/crtn.o
                0x0000000010048000                _estack = (ORIGIN (RAM) + LENGTH (RAM))
                0x0000000000000200                _Min_Heap_Size = 0x200
                0x0000000000000400                _Min_Stack_Size = 0x400

.isr_vector     0x0000000008100000      0x298
                0x0000000008100000                . = ALIGN (0x4)
 *(.isr_vector)
 .isr_vector    0x0000000008100000      0x298 ./Core/Startup/startup_stm32h745zitx.o
                0x0000000008100000                g_pfnVectors
                0x0000000008100298                . = ALIGN (0x4)

.text           0x0000000008100298     0x69cc
                0x0000000008100298                . = ALIGN (0x4)
 *(.text)
 .text          0x0000000008100298       0x40 C:/ST/STM32CubeIDE_1.13.2/STM32CubeIDE/plugins/com.st.stm32cube.ide.mcu.externaltools.gnu-tools-for-stm32.11.3.rel1.win32_1.1.1.202309131626/tools/bin/../lib/gcc/arm-none-eabi/11.3.1/thumb/v7e-m+fp/hard/crtbegin.o
 *(.text*)
 .text.SystemInit
                0x00000000081002d8       0x30 ./Common/Src/system_stm32h7xx_dualcore_boot_cm4_cm7.o
                0x00000000081002d8                SystemInit
 .text.ssd1306_Reset
                0x0000000008100308        0xe ./Core/Src/main.o
                0x0000000008100308                ssd1306_Reset
 *fill*         0x0000000008100316        0x2 
 .text.ssd1306_WriteCommand
                0x0000000008100318       0x30 ./Core/Src/main.o
                0x0000000008100318                ssd1306_WriteCommand
 .text.ssd1306_WriteData
                0x0000000008100348       0x34 ./Core/Src/main.o
                0x0000000008100348                ssd1306_WriteData
 .text.ssd1306_Init
                0x000000000810037c       0xd4 ./Core/Src/main.o
                0x000000000810037c                ssd1306_Init
 .text.ssd1306_Fill
                0x0000000008100450       0x48 ./Core/Src/main.o
                0x0000000008100450                ssd1306_Fill
 .text.ssd1306_UpdateScreen
                0x0000000008100498       0x50 ./Core/Src/main.o
                0x0000000008100498                ssd1306_UpdateScreen
 .text.ssd1306_DrawPixel
                0x00000000081004e8       0xa8 ./Core/Src/main.o
                0x00000000081004e8                ssd1306_DrawPixel
 .text.ssd1306_DrawBitmap
                0x0000000008100590       0xb6 ./Core/Src/main.o
                0x0000000008100590                ssd1306_DrawBitmap
 .text.ssd1306_SetContrast
                0x0000000008100646       0x26 ./Core/Src/main.o
                0x0000000008100646                ssd1306_SetContrast
 .text.ssd1306_SetDisplayOn
                0x000000000810066c       0x3c ./Core/Src/main.o
                0x000000000810066c                ssd1306_SetDisplayOn
 .text.main     0x00000000081006a8      0x118 ./Core/Src/main.o
                0x00000000081006a8                main
 .text.MX_FDCAN1_Init
                0x00000000081007c0      0x1a4 ./Core/Src/main.o
 .text.MX_I2C1_Init
                0x0000000008100964       0x80 ./Core/Src/main.o
 .text.MX_I2C4_Init
                0x00000000081009e4       0x80 ./Core/Src/main.o
 .text.MX_TIM3_Init
                0x0000000008100a64       0xc8 ./Core/Src/main.o
 .text.MX_TIM7_Init
                0x0000000008100b2c       0x6c ./Core/Src/main.o
 .text.MX_GPIO_Init
                0x0000000008100b98      0x188 ./Core/Src/main.o
 .text.HAL_TIM_PeriodElapsedCallback
                0x0000000008100d20      0x234 ./Core/Src/main.o
                0x0000000008100d20                HAL_TIM_PeriodElapsedCallback
 .text.AS5600_init
                0x0000000008100f54       0x38 ./Core/Src/main.o
                0x0000000008100f54                AS5600_init
 .text.AS5600_read_angle
                0x0000000008100f8c       0x48 ./Core/Src/main.o
                0x0000000008100f8c                AS5600_read_angle
 .text.HAL_GPIO_EXTI_Callback
                0x0000000008100fd4       0xc0 ./Core/Src/main.o
                0x0000000008100fd4                HAL_GPIO_EXTI_Callback
 .text.HAL_FDCAN_RxFifo0Callback
                0x0000000008101094       0xa4 ./Core/Src/main.o
                0x0000000008101094                HAL_FDCAN_RxFifo0Callback
 .text.updateOLED
                0x0000000008101138       0x9c ./Core/Src/main.o
                0x0000000008101138                updateOLED
 .text.HAL_HSEM_FreeCallback
                0x00000000081011d4       0x88 ./Core/Src/main.o
                0x00000000081011d4                HAL_HSEM_FreeCallback
 .text.Error_Handler
                0x000000000810125c        0xa ./Core/Src/main.o
                0x000000000810125c                Error_Handler
 *fill*         0x0000000008101266        0x2 
 .text.HAL_MspInit
                0x0000000008101268       0x40 ./Core/Src/stm32h7xx_hal_msp.o
                0x0000000008101268                HAL_MspInit
 .text.HAL_FDCAN_MspInit
                0x00000000081012a8       0xe4 ./Core/Src/stm32h7xx_hal_msp.o
                0x00000000081012a8                HAL_FDCAN_MspInit
 .text.HAL_I2C_MspInit
                0x000000000810138c      0x174 ./Core/Src/stm32h7xx_hal_msp.o
                0x000000000810138c                HAL_I2C_MspInit
 .text.HAL_TIM_PWM_MspInit
                0x0000000008101500       0x44 ./Core/Src/stm32h7xx_hal_msp.o
                0x0000000008101500                HAL_TIM_PWM_MspInit
 .text.HAL_TIM_Base_MspInit
                0x0000000008101544       0x50 ./Core/Src/stm32h7xx_hal_msp.o
                0x0000000008101544                HAL_TIM_Base_MspInit
 .text.HAL_TIM_MspPostInit
                0x0000000008101594       0xb8 ./Core/Src/stm32h7xx_hal_msp.o
                0x0000000008101594                HAL_TIM_MspPostInit
 .text.NMI_Handler
                0x000000000810164c        0x6 ./Core/Src/stm32h7xx_it.o
                0x000000000810164c                NMI_Handler
 .text.HardFault_Handler
                0x0000000008101652        0x6 ./Core/Src/stm32h7xx_it.o
                0x0000000008101652                HardFault_Handler
 .text.MemManage_Handler
                0x0000000008101658        0x6 ./Core/Src/stm32h7xx_it.o
                0x0000000008101658                MemManage_Handler
 .text.BusFault_Handler
                0x000000000810165e        0x6 ./Core/Src/stm32h7xx_it.o
                0x000000000810165e                BusFault_Handler
 .text.UsageFault_Handler
                0x0000000008101664        0x6 ./Core/Src/stm32h7xx_it.o
                0x0000000008101664                UsageFault_Handler
 .text.SVC_Handler
                0x000000000810166a        0xe ./Core/Src/stm32h7xx_it.o
                0x000000000810166a                SVC_Handler
 .text.DebugMon_Handler
                0x0000000008101678        0xe ./Core/Src/stm32h7xx_it.o
                0x0000000008101678                DebugMon_Handler
 .text.PendSV_Handler
                0x0000000008101686        0xe ./Core/Src/stm32h7xx_it.o
                0x0000000008101686                PendSV_Handler
 .text.SysTick_Handler
                0x0000000008101694        0xc ./Core/Src/stm32h7xx_it.o
                0x0000000008101694                SysTick_Handler
 .text.EXTI2_IRQHandler
                0x00000000081016a0        0xe ./Core/Src/stm32h7xx_it.o
                0x00000000081016a0                EXTI2_IRQHandler
 *fill*         0x00000000081016ae        0x2 
 .text.FDCAN1_IT0_IRQHandler
                0x00000000081016b0       0x14 ./Core/Src/stm32h7xx_it.o
                0x00000000081016b0                FDCAN1_IT0_IRQHandler
 .text.EXTI15_10_IRQHandler
                0x00000000081016c4       0x10 ./Core/Src/stm32h7xx_it.o
                0x00000000081016c4                EXTI15_10_IRQHandler
 .text.TIM7_IRQHandler
                0x00000000081016d4       0x14 ./Core/Src/stm32h7xx_it.o
                0x00000000081016d4                TIM7_IRQHandler
 .text.HSEM2_IRQHandler
                0x00000000081016e8        0xc ./Core/Src/stm32h7xx_it.o
                0x00000000081016e8                HSEM2_IRQHandler
 .text.Reset_Handler
                0x00000000081016f4       0x50 ./Core/Startup/startup_stm32h745zitx.o
                0x00000000081016f4                Reset_Handler
 .text.Default_Handler
                0x0000000008101744        0x2 ./Core/Startup/startup_stm32h745zitx.o
                0x0000000008101744                RTC_Alarm_IRQHandler
                0x0000000008101744                TIM8_CC_IRQHandler
                0x0000000008101744                HRTIM1_Master_IRQHandler
                0x0000000008101744                UART8_IRQHandler
                0x0000000008101744                SPI4_IRQHandler
                0x0000000008101744                TIM1_CC_IRQHandler
                0x0000000008101744                BDMA_Channel6_IRQHandler
                0x0000000008101744                DMA2_Stream5_IRQHandler
                0x0000000008101744                HRTIM1_FLT_IRQHandler
                0x0000000008101744                JPEG_IRQHandler
                0x0000000008101744                DMA1_Stream5_IRQHandler
                0x0000000008101744                BDMA_Channel1_IRQHandler
                0x0000000008101744                HRTIM1_TIMD_IRQHandler
                0x0000000008101744                TAMP_STAMP_IRQHandler
                0x0000000008101744                EXTI3_IRQHandler
                0x0000000008101744                LPTIM4_IRQHandler
                0x0000000008101744                TIM8_TRG_COM_TIM14_IRQHandler
                0x0000000008101744                LPTIM2_IRQHandler
                0x0000000008101744                DFSDM1_FLT1_IRQHandler
                0x0000000008101744                DMAMUX2_OVR_IRQHandler
                0x0000000008101744                TIM8_UP_TIM13_IRQHandler
                0x0000000008101744                I2C3_ER_IRQHandler
                0x0000000008101744                DFSDM1_FLT2_IRQHandler
                0x0000000008101744                MDMA_IRQHandler
                0x0000000008101744                LPTIM3_IRQHandler
                0x0000000008101744                HSEM1_IRQHandler
                0x0000000008101744                EXTI0_IRQHandler
                0x0000000008101744                I2C2_EV_IRQHandler
                0x0000000008101744                DMA1_Stream2_IRQHandler
                0x0000000008101744                FPU_IRQHandler
                0x0000000008101744                OTG_HS_WKUP_IRQHandler
                0x0000000008101744                FDCAN1_IT1_IRQHandler
                0x0000000008101744                LTDC_ER_IRQHandler
                0x0000000008101744                DMA2_Stream2_IRQHandler
                0x0000000008101744                HRTIM1_TIME_IRQHandler
                0x0000000008101744                SPI1_IRQHandler
                0x0000000008101744                TIM6_DAC_IRQHandler
                0x0000000008101744                DCMI_IRQHandler
                0x0000000008101744                HRTIM1_TIMC_IRQHandler
                0x0000000008101744                DMA2_Stream3_IRQHandler
                0x0000000008101744                SAI2_IRQHandler
                0x0000000008101744                DFSDM1_FLT3_IRQHandler
                0x0000000008101744                USART6_IRQHandler
                0x0000000008101744                TIM17_IRQHandler
                0x0000000008101744                USART3_IRQHandler
                0x0000000008101744                BDMA_Channel7_IRQHandler
                0x0000000008101744                LPTIM5_IRQHandler
                0x0000000008101744                UART5_IRQHandler
                0x0000000008101744                ADC3_IRQHandler
                0x0000000008101744                DMA2_Stream0_IRQHandler
                0x0000000008101744                TIM4_IRQHandler
                0x0000000008101744                BDMA_Channel2_IRQHandler
                0x0000000008101744                QUADSPI_IRQHandler
                0x0000000008101744                I2C1_EV_IRQHandler
                0x0000000008101744                DMA1_Stream6_IRQHandler
                0x0000000008101744                DMAMUX1_OVR_IRQHandler
                0x0000000008101744                DMA1_Stream1_IRQHandler
                0x0000000008101744                TIM16_IRQHandler
                0x0000000008101744                UART4_IRQHandler
                0x0000000008101744                BDMA_Channel5_IRQHandler
                0x0000000008101744                TIM3_IRQHandler
                0x0000000008101744                RCC_IRQHandler
                0x0000000008101744                TIM8_BRK_TIM12_IRQHandler
                0x0000000008101744                TIM1_TRG_COM_IRQHandler
                0x0000000008101744                Default_Handler
                0x0000000008101744                ECC_IRQHandler
                0x0000000008101744                CEC_IRQHandler
                0x0000000008101744                BDMA_Channel0_IRQHandler
                0x0000000008101744                ADC_IRQHandler
                0x0000000008101744                DMA1_Stream7_IRQHandler
                0x0000000008101744                HRTIM1_TIMA_IRQHandler
                0x0000000008101744                SPI5_IRQHandler
                0x0000000008101744                SDMMC1_IRQHandler
                0x0000000008101744                TIM5_IRQHandler
                0x0000000008101744                DMA2_Stream7_IRQHandler
                0x0000000008101744                TIM15_IRQHandler
                0x0000000008101744                PVD_AVD_IRQHandler
                0x0000000008101744                I2C3_EV_IRQHandler
                0x0000000008101744                EXTI9_5_IRQHandler
                0x0000000008101744                RTC_WKUP_IRQHandler
                0x0000000008101744                LTDC_IRQHandler
                0x0000000008101744                SAI3_IRQHandler
                0x0000000008101744                ETH_WKUP_IRQHandler
                0x0000000008101744                SPDIF_RX_IRQHandler
                0x0000000008101744                SPI2_IRQHandler
                0x0000000008101744                OTG_HS_EP1_IN_IRQHandler
                0x0000000008101744                DMA1_Stream0_IRQHandler
                0x0000000008101744                CRS_IRQHandler
                0x0000000008101744                CM7_SEV_IRQHandler
                0x0000000008101744                EXTI4_IRQHandler
                0x0000000008101744                RNG_IRQHandler
                0x0000000008101744                CM4_SEV_IRQHandler
                0x0000000008101744                HRTIM1_TIMB_IRQHandler
                0x0000000008101744                FDCAN2_IT1_IRQHandler
                0x0000000008101744                ETH_IRQHandler
                0x0000000008101744                TIM1_UP_IRQHandler
                0x0000000008101744                WWDG_RST_IRQHandler
                0x0000000008101744                BDMA_Channel4_IRQHandler
                0x0000000008101744                OTG_HS_EP1_OUT_IRQHandler
                0x0000000008101744                WWDG_IRQHandler
                0x0000000008101744                SPI6_IRQHandler
                0x0000000008101744                MDIOS_IRQHandler
                0x0000000008101744                I2C4_EV_IRQHandler
                0x0000000008101744                FDCAN2_IT0_IRQHandler
                0x0000000008101744                LPUART1_IRQHandler
                0x0000000008101744                TIM2_IRQHandler
                0x0000000008101744                OTG_FS_WKUP_IRQHandler
                0x0000000008101744                OTG_HS_IRQHandler
                0x0000000008101744                DMA2D_IRQHandler
                0x0000000008101744                TIM1_BRK_IRQHandler
                0x0000000008101744                EXTI1_IRQHandler
                0x0000000008101744                SDMMC2_IRQHandler
                0x0000000008101744                OTG_FS_EP1_OUT_IRQHandler
                0x0000000008101744                BDMA_Channel3_IRQHandler
                0x0000000008101744                HOLD_CORE_IRQHandler
                0x0000000008101744                UART7_IRQHandler
                0x0000000008101744                MDIOS_WKUP_IRQHandler
                0x0000000008101744                USART2_IRQHandler
                0x0000000008101744                DFSDM1_FLT0_IRQHandler
                0x0000000008101744                SAI4_IRQHandler
                0x0000000008101744                I2C2_ER_IRQHandler
                0x0000000008101744                DMA2_Stream1_IRQHandler
                0x0000000008101744                FLASH_IRQHandler
                0x0000000008101744                DMA2_Stream4_IRQHandler
                0x0000000008101744                USART1_IRQHandler
                0x0000000008101744                OTG_FS_IRQHandler
                0x0000000008101744                SPI3_IRQHandler
                0x0000000008101744                WAKEUP_PIN_IRQHandler
                0x0000000008101744                DMA1_Stream4_IRQHandler
                0x0000000008101744                OTG_FS_EP1_IN_IRQHandler
                0x0000000008101744                I2C1_ER_IRQHandler
                0x0000000008101744                FMC_IRQHandler
                0x0000000008101744                FDCAN_CAL_IRQHandler
                0x0000000008101744                SWPMI1_IRQHandler
                0x0000000008101744                COMP1_IRQHandler
                0x0000000008101744                LPTIM1_IRQHandler
                0x0000000008101744                I2C4_ER_IRQHandler
                0x0000000008101744                DMA2_Stream6_IRQHandler
                0x0000000008101744                SAI1_IRQHandler
                0x0000000008101744                DMA1_Stream3_IRQHandler
 *fill*         0x0000000008101746        0x2 
 .text.HAL_Init
                0x0000000008101748       0xbc ./Drivers/STM32H7xx_HAL_Driver/stm32h7xx_hal.o
                0x0000000008101748                HAL_Init
 .text.HAL_InitTick
                0x0000000008101804       0x6c ./Drivers/STM32H7xx_HAL_Driver/stm32h7xx_hal.o
                0x0000000008101804                HAL_InitTick
 .text.HAL_IncTick
                0x0000000008101870       0x28 ./Drivers/STM32H7xx_HAL_Driver/stm32h7xx_hal.o
                0x0000000008101870                HAL_IncTick
 .text.HAL_GetTick
                0x0000000008101898       0x18 ./Drivers/STM32H7xx_HAL_Driver/stm32h7xx_hal.o
                0x0000000008101898                HAL_GetTick
 .text.HAL_Delay
                0x00000000081018b0       0x48 ./Drivers/STM32H7xx_HAL_Driver/stm32h7xx_hal.o
                0x00000000081018b0                HAL_Delay
 .text.__NVIC_SetPriorityGrouping
                0x00000000081018f8       0x48 ./Drivers/STM32H7xx_HAL_Driver/stm32h7xx_hal_cortex.o
 .text.__NVIC_GetPriorityGrouping
                0x0000000008101940       0x1c ./Drivers/STM32H7xx_HAL_Driver/stm32h7xx_hal_cortex.o
 .text.__NVIC_EnableIRQ
                0x000000000810195c       0x3c ./Drivers/STM32H7xx_HAL_Driver/stm32h7xx_hal_cortex.o
 .text.__NVIC_SetPriority
                0x0000000008101998       0x54 ./Drivers/STM32H7xx_HAL_Driver/stm32h7xx_hal_cortex.o
 .text.NVIC_EncodePriority
                0x00000000081019ec       0x66 ./Drivers/STM32H7xx_HAL_Driver/stm32h7xx_hal_cortex.o
 *fill*         0x0000000008101a52        0x2 
 .text.SysTick_Config
                0x0000000008101a54       0x44 ./Drivers/STM32H7xx_HAL_Driver/stm32h7xx_hal_cortex.o
 .text.HAL_NVIC_SetPriorityGrouping
                0x0000000008101a98       0x16 ./Drivers/STM32H7xx_HAL_Driver/stm32h7xx_hal_cortex.o
                0x0000000008101a98                HAL_NVIC_SetPriorityGrouping
 .text.HAL_NVIC_SetPriority
                0x0000000008101aae       0x34 ./Drivers/STM32H7xx_HAL_Driver/stm32h7xx_hal_cortex.o
                0x0000000008101aae                HAL_NVIC_SetPriority
 .text.HAL_NVIC_EnableIRQ
                0x0000000008101ae2       0x1c ./Drivers/STM32H7xx_HAL_Driver/stm32h7xx_hal_cortex.o
                0x0000000008101ae2                HAL_NVIC_EnableIRQ
 .text.HAL_SYSTICK_Config
                0x0000000008101afe       0x18 ./Drivers/STM32H7xx_HAL_Driver/stm32h7xx_hal_cortex.o
                0x0000000008101afe                HAL_SYSTICK_Config
 *fill*         0x0000000008101b16        0x2 
 .text.HAL_GetCurrentCPUID
                0x0000000008101b18       0x28 ./Drivers/STM32H7xx_HAL_Driver/stm32h7xx_hal_cortex.o
                0x0000000008101b18                HAL_GetCurrentCPUID
 .text.HAL_FDCAN_Init
                0x0000000008101b40      0x3bc ./Drivers/STM32H7xx_HAL_Driver/stm32h7xx_hal_fdcan.o
                0x0000000008101b40                HAL_FDCAN_Init
 .text.HAL_FDCAN_ConfigFilter
                0x0000000008101efc       0xec ./Drivers/STM32H7xx_HAL_Driver/stm32h7xx_hal_fdcan.o
                0x0000000008101efc                HAL_FDCAN_ConfigFilter
 .text.HAL_FDCAN_Start
                0x0000000008101fe8       0x56 ./Drivers/STM32H7xx_HAL_Driver/stm32h7xx_hal_fdcan.o
                0x0000000008101fe8                HAL_FDCAN_Start
 .text.HAL_FDCAN_AddMessageToTxFifoQ
                0x000000000810203e       0xb6 ./Drivers/STM32H7xx_HAL_Driver/stm32h7xx_hal_fdcan.o
                0x000000000810203e                HAL_FDCAN_AddMessageToTxFifoQ
 .text.HAL_FDCAN_GetRxMessage
                0x00000000081020f4      0x2dc ./Drivers/STM32H7xx_HAL_Driver/stm32h7xx_hal_fdcan.o
                0x00000000081020f4                HAL_FDCAN_GetRxMessage
 .text.HAL_FDCAN_ActivateNotification
                0x00000000081023d0       0xf4 ./Drivers/STM32H7xx_HAL_Driver/stm32h7xx_hal_fdcan.o
                0x00000000081023d0                HAL_FDCAN_ActivateNotification
 .text.HAL_FDCAN_IRQHandler
                0x00000000081024c4      0x4a8 ./Drivers/STM32H7xx_HAL_Driver/stm32h7xx_hal_fdcan.o
                0x00000000081024c4                HAL_FDCAN_IRQHandler
 .text.HAL_FDCAN_ClockCalibrationCallback
                0x000000000810296c       0x16 ./Drivers/STM32H7xx_HAL_Driver/stm32h7xx_hal_fdcan.o
                0x000000000810296c                HAL_FDCAN_ClockCalibrationCallback
 .text.HAL_FDCAN_TxEventFifoCallback
                0x0000000008102982       0x16 ./Drivers/STM32H7xx_HAL_Driver/stm32h7xx_hal_fdcan.o
                0x0000000008102982                HAL_FDCAN_TxEventFifoCallback
 .text.HAL_FDCAN_RxFifo1Callback
                0x0000000008102998       0x16 ./Drivers/STM32H7xx_HAL_Driver/stm32h7xx_hal_fdcan.o
                0x0000000008102998                HAL_FDCAN_RxFifo1Callback
 .text.HAL_FDCAN_TxFifoEmptyCallback
                0x00000000081029ae       0x14 ./Drivers/STM32H7xx_HAL_Driver/stm32h7xx_hal_fdcan.o
                0x00000000081029ae                HAL_FDCAN_TxFifoEmptyCallback
 .text.HAL_FDCAN_TxBufferCompleteCallback
                0x00000000081029c2       0x16 ./Drivers/STM32H7xx_HAL_Driver/stm32h7xx_hal_fdcan.o
                0x00000000081029c2                HAL_FDCAN_TxBufferCompleteCallback
 .text.HAL_FDCAN_TxBufferAbortCallback
                0x00000000081029d8       0x16 ./Drivers/STM32H7xx_HAL_Driver/stm32h7xx_hal_fdcan.o
                0x00000000081029d8                HAL_FDCAN_TxBufferAbortCallback
 .text.HAL_FDCAN_RxBufferNewMessageCallback
                0x00000000081029ee       0x14 ./Drivers/STM32H7xx_HAL_Driver/stm32h7xx_hal_fdcan.o
                0x00000000081029ee                HAL_FDCAN_RxBufferNewMessageCallback
 .text.HAL_FDCAN_TimestampWraparoundCallback
                0x0000000008102a02       0x14 ./Drivers/STM32H7xx_HAL_Driver/stm32h7xx_hal_fdcan.o
                0x0000000008102a02                HAL_FDCAN_TimestampWraparoundCallback
 .text.HAL_FDCAN_TimeoutOccurredCallback
                0x0000000008102a16       0x14 ./Drivers/STM32H7xx_HAL_Driver/stm32h7xx_hal_fdcan.o
                0x0000000008102a16                HAL_FDCAN_TimeoutOccurredCallback
 .text.HAL_FDCAN_HighPriorityMessageCallback
                0x0000000008102a2a       0x14 ./Drivers/STM32H7xx_HAL_Driver/stm32h7xx_hal_fdcan.o
                0x0000000008102a2a                HAL_FDCAN_HighPriorityMessageCallback
 .text.HAL_FDCAN_ErrorCallback
                0x0000000008102a3e       0x14 ./Drivers/STM32H7xx_HAL_Driver/stm32h7xx_hal_fdcan.o
                0x0000000008102a3e                HAL_FDCAN_ErrorCallback
 .text.HAL_FDCAN_ErrorStatusCallback
                0x0000000008102a52       0x16 ./Drivers/STM32H7xx_HAL_Driver/stm32h7xx_hal_fdcan.o
                0x0000000008102a52                HAL_FDCAN_ErrorStatusCallback
 .text.HAL_FDCAN_TT_ScheduleSyncCallback
                0x0000000008102a68       0x16 ./Drivers/STM32H7xx_HAL_Driver/stm32h7xx_hal_fdcan.o
                0x0000000008102a68                HAL_FDCAN_TT_ScheduleSyncCallback
 .text.HAL_FDCAN_TT_TimeMarkCallback
                0x0000000008102a7e       0x16 ./Drivers/STM32H7xx_HAL_Driver/stm32h7xx_hal_fdcan.o
                0x0000000008102a7e                HAL_FDCAN_TT_TimeMarkCallback
 .text.HAL_FDCAN_TT_StopWatchCallback
                0x0000000008102a94       0x18 ./Drivers/STM32H7xx_HAL_Driver/stm32h7xx_hal_fdcan.o
                0x0000000008102a94                HAL_FDCAN_TT_StopWatchCallback
 .text.HAL_FDCAN_TT_GlobalTimeCallback
                0x0000000008102aac       0x16 ./Drivers/STM32H7xx_HAL_Driver/stm32h7xx_hal_fdcan.o
                0x0000000008102aac                HAL_FDCAN_TT_GlobalTimeCallback
 *fill*         0x0000000008102ac2        0x2 
 .text.FDCAN_CalcultateRamBlockAddresses
                0x0000000008102ac4      0x320 ./Drivers/STM32H7xx_HAL_Driver/stm32h7xx_hal_fdcan.o
 .text.FDCAN_CopyMessageToRAM
                0x0000000008102de4       0xfc ./Drivers/STM32H7xx_HAL_Driver/stm32h7xx_hal_fdcan.o
 .text.HAL_GPIO_Init
                0x0000000008102ee0      0x360 ./Drivers/STM32H7xx_HAL_Driver/stm32h7xx_hal_gpio.o
                0x0000000008102ee0                HAL_GPIO_Init
 .text.HAL_GPIO_WritePin
                0x0000000008103240       0x32 ./Drivers/STM32H7xx_HAL_Driver/stm32h7xx_hal_gpio.o
                0x0000000008103240                HAL_GPIO_WritePin
 .text.HAL_GPIO_TogglePin
                0x0000000008103272       0x34 ./Drivers/STM32H7xx_HAL_Driver/stm32h7xx_hal_gpio.o
                0x0000000008103272                HAL_GPIO_TogglePin
 .text.HAL_GPIO_EXTI_IRQHandler
                0x00000000081032a6       0x34 ./Drivers/STM32H7xx_HAL_Driver/stm32h7xx_hal_gpio.o
                0x00000000081032a6                HAL_GPIO_EXTI_IRQHandler
 *fill*         0x00000000081032da        0x2 
 .text.HAL_HSEM_ActivateNotification
                0x00000000081032dc       0x24 ./Drivers/STM32H7xx_HAL_Driver/stm32h7xx_hal_hsem.o
                0x00000000081032dc                HAL_HSEM_ActivateNotification
 .text.HAL_HSEM_IRQHandler
                0x0000000008103300       0x34 ./Drivers/STM32H7xx_HAL_Driver/stm32h7xx_hal_hsem.o
                0x0000000008103300                HAL_HSEM_IRQHandler
 .text.HAL_I2C_Init
                0x0000000008103334      0x11e ./Drivers/STM32H7xx_HAL_Driver/stm32h7xx_hal_i2c.o
                0x0000000008103334                HAL_I2C_Init
 *fill*         0x0000000008103452        0x2 
 .text.HAL_I2C_Mem_Write
                0x0000000008103454      0x228 ./Drivers/STM32H7xx_HAL_Driver/stm32h7xx_hal_i2c.o
                0x0000000008103454                HAL_I2C_Mem_Write
 .text.HAL_I2C_Mem_Read
                0x000000000810367c      0x234 ./Drivers/STM32H7xx_HAL_Driver/stm32h7xx_hal_i2c.o
                0x000000000810367c                HAL_I2C_Mem_Read
 .text.I2C_RequestMemoryWrite
                0x00000000081038b0       0xa8 ./Drivers/STM32H7xx_HAL_Driver/stm32h7xx_hal_i2c.o
 .text.I2C_RequestMemoryRead
                0x0000000008103958       0xa8 ./Drivers/STM32H7xx_HAL_Driver/stm32h7xx_hal_i2c.o
 .text.I2C_Flush_TXDR
                0x0000000008103a00       0x48 ./Drivers/STM32H7xx_HAL_Driver/stm32h7xx_hal_i2c.o
 .text.I2C_WaitOnFlagUntilTimeout
                0x0000000008103a48       0x9e ./Drivers/STM32H7xx_HAL_Driver/stm32h7xx_hal_i2c.o
 .text.I2C_WaitOnTXISFlagUntilTimeout
                0x0000000008103ae6       0x8e ./Drivers/STM32H7xx_HAL_Driver/stm32h7xx_hal_i2c.o
 .text.I2C_WaitOnSTOPFlagUntilTimeout
                0x0000000008103b74       0x86 ./Drivers/STM32H7xx_HAL_Driver/stm32h7xx_hal_i2c.o
 *fill*         0x0000000008103bfa        0x2 
 .text.I2C_IsErrorOccurred
                0x0000000008103bfc      0x1c0 ./Drivers/STM32H7xx_HAL_Driver/stm32h7xx_hal_i2c.o
 .text.I2C_TransferConfig
                0x0000000008103dbc       0x64 ./Drivers/STM32H7xx_HAL_Driver/stm32h7xx_hal_i2c.o
 .text.HAL_I2CEx_ConfigAnalogFilter
                0x0000000008103e20       0x96 ./Drivers/STM32H7xx_HAL_Driver/stm32h7xx_hal_i2c_ex.o
                0x0000000008103e20                HAL_I2CEx_ConfigAnalogFilter
 .text.HAL_I2CEx_ConfigDigitalFilter
                0x0000000008103eb6       0x98 ./Drivers/STM32H7xx_HAL_Driver/stm32h7xx_hal_i2c_ex.o
                0x0000000008103eb6                HAL_I2CEx_ConfigDigitalFilter
 *fill*         0x0000000008103f4e        0x2 
 .text.HAL_PWREx_EnterSTOPMode
                0x0000000008103f50       0xf4 ./Drivers/STM32H7xx_HAL_Driver/stm32h7xx_hal_pwr_ex.o
                0x0000000008103f50                HAL_PWREx_EnterSTOPMode
 .text.HAL_PWREx_ClearPendingEvent
                0x0000000008104044       0x1a ./Drivers/STM32H7xx_HAL_Driver/stm32h7xx_hal_pwr_ex.o
                0x0000000008104044                HAL_PWREx_ClearPendingEvent
 *fill*         0x000000000810405e        0x2 
 .text.HAL_RCC_GetSysClockFreq
                0x0000000008104060      0x2f4 ./Drivers/STM32H7xx_HAL_Driver/stm32h7xx_hal_rcc.o
                0x0000000008104060                HAL_RCC_GetSysClockFreq
 .text.HAL_RCCEx_PeriphCLKConfig
                0x0000000008104354     0x1414 ./Drivers/STM32H7xx_HAL_Driver/stm32h7xx_hal_rcc_ex.o
                0x0000000008104354                HAL_RCCEx_PeriphCLKConfig
 .text.RCCEx_PLL2_Config
                0x0000000008105768      0x164 ./Drivers/STM32H7xx_HAL_Driver/stm32h7xx_hal_rcc_ex.o
 .text.RCCEx_PLL3_Config
                0x00000000081058cc      0x164 ./Drivers/STM32H7xx_HAL_Driver/stm32h7xx_hal_rcc_ex.o
 .text.HAL_TIM_Base_Init
                0x0000000008105a30       0xae ./Drivers/STM32H7xx_HAL_Driver/stm32h7xx_hal_tim.o
                0x0000000008105a30                HAL_TIM_Base_Init
 *fill*         0x0000000008105ade        0x2 
 .text.HAL_TIM_Base_Start_IT
                0x0000000008105ae0       0xf0 ./Drivers/STM32H7xx_HAL_Driver/stm32h7xx_hal_tim.o
                0x0000000008105ae0                HAL_TIM_Base_Start_IT
 .text.HAL_TIM_PWM_Init
                0x0000000008105bd0       0xae ./Drivers/STM32H7xx_HAL_Driver/stm32h7xx_hal_tim.o
                0x0000000008105bd0                HAL_TIM_PWM_Init
 *fill*         0x0000000008105c7e        0x2 
 .text.HAL_TIM_PWM_Start
                0x0000000008105c80      0x21c ./Drivers/STM32H7xx_HAL_Driver/stm32h7xx_hal_tim.o
                0x0000000008105c80                HAL_TIM_PWM_Start
 .text.HAL_TIM_IRQHandler
                0x0000000008105e9c      0x23e ./Drivers/STM32H7xx_HAL_Driver/stm32h7xx_hal_tim.o
                0x0000000008105e9c                HAL_TIM_IRQHandler
 *fill*         0x00000000081060da        0x2 
 .text.HAL_TIM_PWM_ConfigChannel
                0x00000000081060dc      0x228 ./Drivers/STM32H7xx_HAL_Driver/stm32h7xx_hal_tim.o
                0x00000000081060dc                HAL_TIM_PWM_ConfigChannel
 .text.HAL_TIM_OC_DelayElapsedCallback
                0x0000000008106304       0x14 ./Drivers/STM32H7xx_HAL_Driver/stm32h7xx_hal_tim.o
                0x0000000008106304                HAL_TIM_OC_DelayElapsedCallback
 .text.HAL_TIM_IC_CaptureCallback
                0x0000000008106318       0x14 ./Drivers/STM32H7xx_HAL_Driver/stm32h7xx_hal_tim.o
                0x0000000008106318                HAL_TIM_IC_CaptureCallback
 .text.HAL_TIM_PWM_PulseFinishedCallback
                0x000000000810632c       0x14 ./Drivers/STM32H7xx_HAL_Driver/stm32h7xx_hal_tim.o
                0x000000000810632c                HAL_TIM_PWM_PulseFinishedCallback
 .text.HAL_TIM_TriggerCallback
                0x0000000008106340       0x14 ./Drivers/STM32H7xx_HAL_Driver/stm32h7xx_hal_tim.o
                0x0000000008106340                HAL_TIM_TriggerCallback
 .text.TIM_Base_SetConfig
                0x0000000008106354      0x134 ./Drivers/STM32H7xx_HAL_Driver/stm32h7xx_hal_tim.o
                0x0000000008106354                TIM_Base_SetConfig
 .text.TIM_OC1_SetConfig
                0x0000000008106488      0x120 ./Drivers/STM32H7xx_HAL_Driver/stm32h7xx_hal_tim.o
 .text.TIM_OC2_SetConfig
                0x00000000081065a8      0x114 ./Drivers/STM32H7xx_HAL_Driver/stm32h7xx_hal_tim.o
                0x00000000081065a8                TIM_OC2_SetConfig
 .text.TIM_OC3_SetConfig
                0x00000000081066bc      0x110 ./Drivers/STM32H7xx_HAL_Driver/stm32h7xx_hal_tim.o
 .text.TIM_OC4_SetConfig
                0x00000000081067cc       0xd4 ./Drivers/STM32H7xx_HAL_Driver/stm32h7xx_hal_tim.o
 .text.TIM_OC5_SetConfig
                0x00000000081068a0       0xc8 ./Drivers/STM32H7xx_HAL_Driver/stm32h7xx_hal_tim.o
 .text.TIM_OC6_SetConfig
                0x0000000008106968       0xcc ./Drivers/STM32H7xx_HAL_Driver/stm32h7xx_hal_tim.o
 .text.TIM_CCxChannelCmd
                0x0000000008106a34       0x4a ./Drivers/STM32H7xx_HAL_Driver/stm32h7xx_hal_tim.o
                0x0000000008106a34                TIM_CCxChannelCmd
 *fill*         0x0000000008106a7e        0x2 
 .text.HAL_TIMEx_MasterConfigSynchronization
                0x0000000008106a80      0x11c ./Drivers/STM32H7xx_HAL_Driver/stm32h7xx_hal_tim_ex.o
                0x0000000008106a80                HAL_TIMEx_MasterConfigSynchronization
 .text.HAL_TIMEx_CommutCallback
                0x0000000008106b9c       0x14 ./Drivers/STM32H7xx_HAL_Driver/stm32h7xx_hal_tim_ex.o
                0x0000000008106b9c                HAL_TIMEx_CommutCallback
 .text.HAL_TIMEx_BreakCallback
                0x0000000008106bb0       0x14 ./Drivers/STM32H7xx_HAL_Driver/stm32h7xx_hal_tim_ex.o
                0x0000000008106bb0                HAL_TIMEx_BreakCallback
 .text.HAL_TIMEx_Break2Callback
                0x0000000008106bc4       0x14 ./Drivers/STM32H7xx_HAL_Driver/stm32h7xx_hal_tim_ex.o
                0x0000000008106bc4                HAL_TIMEx_Break2Callback
 .text.memset   0x0000000008106bd8       0x10 C:/ST/STM32CubeIDE_1.13.2/STM32CubeIDE/plugins/com.st.stm32cube.ide.mcu.externaltools.gnu-tools-for-stm32.11.3.rel1.win32_1.1.1.202309131626/tools/bin/../lib/gcc/arm-none-eabi/11.3.1/../../../../arm-none-eabi/lib/thumb/v7e-m+fp/hard\libc_nano.a(libc_a-memset.o)
                0x0000000008106bd8                memset
 .text.__libc_init_array
                0x0000000008106be8       0x48 C:/ST/STM32CubeIDE_1.13.2/STM32CubeIDE/plugins/com.st.stm32cube.ide.mcu.externaltools.gnu-tools-for-stm32.11.3.rel1.win32_1.1.1.202309131626/tools/bin/../lib/gcc/arm-none-eabi/11.3.1/../../../../arm-none-eabi/lib/thumb/v7e-m+fp/hard\libc_nano.a(libc_a-init.o)
                0x0000000008106be8                __libc_init_array
 .text.memcpy   0x0000000008106c30       0x1c C:/ST/STM32CubeIDE_1.13.2/STM32CubeIDE/plugins/com.st.stm32cube.ide.mcu.externaltools.gnu-tools-for-stm32.11.3.rel1.win32_1.1.1.202309131626/tools/bin/../lib/gcc/arm-none-eabi/11.3.1/../../../../arm-none-eabi/lib/thumb/v7e-m+fp/hard\libc_nano.a(libc_a-memcpy-stub.o)
                0x0000000008106c30                memcpy
 *(.glue_7)
 .glue_7        0x0000000008106c4c        0x0 linker stubs
 *(.glue_7t)
 .glue_7t       0x0000000008106c4c        0x0 linker stubs
 *(.eh_frame)
 .eh_frame      0x0000000008106c4c        0x0 C:/ST/STM32CubeIDE_1.13.2/STM32CubeIDE/plugins/com.st.stm32cube.ide.mcu.externaltools.gnu-tools-for-stm32.11.3.rel1.win32_1.1.1.202309131626/tools/bin/../lib/gcc/arm-none-eabi/11.3.1/thumb/v7e-m+fp/hard/crtbegin.o
 *(.init)
 .init          0x0000000008106c4c        0x4 C:/ST/STM32CubeIDE_1.13.2/STM32CubeIDE/plugins/com.st.stm32cube.ide.mcu.externaltools.gnu-tools-for-stm32.11.3.rel1.win32_1.1.1.202309131626/tools/bin/../lib/gcc/arm-none-eabi/11.3.1/thumb/v7e-m+fp/hard/crti.o
                0x0000000008106c4c                _init
 .init          0x0000000008106c50        0x8 C:/ST/STM32CubeIDE_1.13.2/STM32CubeIDE/plugins/com.st.stm32cube.ide.mcu.externaltools.gnu-tools-for-stm32.11.3.rel1.win32_1.1.1.202309131626/tools/bin/../lib/gcc/arm-none-eabi/11.3.1/thumb/v7e-m+fp/hard/crtn.o
 *(.fini)
 .fini          0x0000000008106c58        0x4 C:/ST/STM32CubeIDE_1.13.2/STM32CubeIDE/plugins/com.st.stm32cube.ide.mcu.externaltools.gnu-tools-for-stm32.11.3.rel1.win32_1.1.1.202309131626/tools/bin/../lib/gcc/arm-none-eabi/11.3.1/thumb/v7e-m+fp/hard/crti.o
                0x0000000008106c58                _fini
 .fini          0x0000000008106c5c        0x8 C:/ST/STM32CubeIDE_1.13.2/STM32CubeIDE/plugins/com.st.stm32cube.ide.mcu.externaltools.gnu-tools-for-stm32.11.3.rel1.win32_1.1.1.202309131626/tools/bin/../lib/gcc/arm-none-eabi/11.3.1/thumb/v7e-m+fp/hard/crtn.o
                0x0000000008106c64                . = ALIGN (0x4)
                0x0000000008106c64                _etext = .

.vfp11_veneer   0x0000000008106c64        0x0
 .vfp11_veneer  0x0000000008106c64        0x0 linker stubs

.v4_bx          0x0000000008106c64        0x0
 .v4_bx         0x0000000008106c64        0x0 linker stubs

.iplt           0x0000000008106c64        0x0
 .iplt          0x0000000008106c64        0x0 C:/ST/STM32CubeIDE_1.13.2/STM32CubeIDE/plugins/com.st.stm32cube.ide.mcu.externaltools.gnu-tools-for-stm32.11.3.rel1.win32_1.1.1.202309131626/tools/bin/../lib/gcc/arm-none-eabi/11.3.1/thumb/v7e-m+fp/hard/crtbegin.o

.rodata         0x0000000008106c64      0xc6c
                0x0000000008106c64                . = ALIGN (0x4)
 *(.rodata)
 .rodata        0x0000000008106c64       0x4c ./Drivers/STM32H7xx_HAL_Driver/stm32h7xx_hal_fdcan.o
 *(.rodata*)
 .rodata.D1CorePrescTable
                0x0000000008106cb0       0x10 ./Common/Src/system_stm32h7xx_dualcore_boot_cm4_cm7.o
                0x0000000008106cb0                D1CorePrescTable
 .rodata.pos0   0x0000000008106cc0      0x400 ./Core/Src/main.o
                0x0000000008106cc0                pos0
 .rodata.pos1   0x00000000081070c0      0x400 ./Core/Src/main.o
                0x00000000081070c0                pos1
 .rodata.pos2   0x00000000081074c0      0x400 ./Core/Src/main.o
                0x00000000081074c0                pos2
 .rodata.DLCtoBytes
                0x00000000081078c0       0x10 ./Drivers/STM32H7xx_HAL_Driver/stm32h7xx_hal_fdcan.o
                0x00000000081078d0                . = ALIGN (0x4)

.rel.dyn        0x00000000081078d0        0x0
 .rel.iplt      0x00000000081078d0        0x0 C:/ST/STM32CubeIDE_1.13.2/STM32CubeIDE/plugins/com.st.stm32cube.ide.mcu.externaltools.gnu-tools-for-stm32.11.3.rel1.win32_1.1.1.202309131626/tools/bin/../lib/gcc/arm-none-eabi/11.3.1/thumb/v7e-m+fp/hard/crtbegin.o

.ARM.extab
 *(.ARM.extab* .gnu.linkonce.armextab.*)

.ARM            0x00000000081078d0        0x0
                0x00000000081078d0                __exidx_start = .
 *(.ARM.exidx*)
                0x00000000081078d0                __exidx_end = .

.preinit_array  0x00000000081078d0        0x0
                0x00000000081078d0                PROVIDE (__preinit_array_start = .)
 *(.preinit_array*)
                0x00000000081078d0                PROVIDE (__preinit_array_end = .)

.init_array     0x00000000081078d0        0x4
                0x00000000081078d0                PROVIDE (__init_array_start = .)
 *(SORT_BY_NAME(.init_array.*))
 *(.init_array*)
 .init_array    0x00000000081078d0        0x4 C:/ST/STM32CubeIDE_1.13.2/STM32CubeIDE/plugins/com.st.stm32cube.ide.mcu.externaltools.gnu-tools-for-stm32.11.3.rel1.win32_1.1.1.202309131626/tools/bin/../lib/gcc/arm-none-eabi/11.3.1/thumb/v7e-m+fp/hard/crtbegin.o
                0x00000000081078d4                PROVIDE (__init_array_end = .)

.fini_array     0x00000000081078d4        0x4
                [!provide]                        PROVIDE (__fini_array_start = .)
 *(SORT_BY_NAME(.fini_array.*))
 *(.fini_array*)
 .fini_array    0x00000000081078d4        0x4 C:/ST/STM32CubeIDE_1.13.2/STM32CubeIDE/plugins/com.st.stm32cube.ide.mcu.externaltools.gnu-tools-for-stm32.11.3.rel1.win32_1.1.1.202309131626/tools/bin/../lib/gcc/arm-none-eabi/11.3.1/thumb/v7e-m+fp/hard/crtbegin.o
                [!provide]                        PROVIDE (__fini_array_end = .)
                0x00000000081078d8                _sidata = LOADADDR (.data)

.data           0x0000000010000000       0x34 load address 0x00000000081078d8
                0x0000000010000000                . = ALIGN (0x4)
                0x0000000010000000                _sdata = .
 *(.data)
 *(.data*)
 .data.SystemCoreClock
                0x0000000010000000        0x4 ./Common/Src/system_stm32h7xx_dualcore_boot_cm4_cm7.o
                0x0000000010000000                SystemCoreClock
 .data.SystemD2Clock
                0x0000000010000004        0x4 ./Common/Src/system_stm32h7xx_dualcore_boot_cm4_cm7.o
                0x0000000010000004                SystemD2Clock
 .data.Ts       0x0000000010000008        0x4 ./Core/Src/main.o
                0x0000000010000008                Ts
 .data.Kp       0x000000001000000c        0x4 ./Core/Src/main.o
                0x000000001000000c                Kp
 .data.Ki       0x0000000010000010        0x4 ./Core/Src/main.o
                0x0000000010000010                Ki
 .data.Kd       0x0000000010000014        0x4 ./Core/Src/main.o
                0x0000000010000014                Kd
 .data.debounce
                0x0000000010000018        0x1 ./Core/Src/main.o
                0x0000000010000018                debounce
 *fill*         0x0000000010000019        0x3 
 .data.TxData   0x000000001000001c        0x8 ./Core/Src/main.o
                0x000000001000001c                TxData
 .data.TxData2  0x0000000010000024        0x8 ./Core/Src/main.o
                0x0000000010000024                TxData2
 .data.uwTickPrio
                0x000000001000002c        0x4 ./Drivers/STM32H7xx_HAL_Driver/stm32h7xx_hal.o
                0x000000001000002c                uwTickPrio
 .data.uwTickFreq
                0x0000000010000030        0x1 ./Drivers/STM32H7xx_HAL_Driver/stm32h7xx_hal.o
                0x0000000010000030                uwTickFreq
 *(.RamFunc)
 *(.RamFunc*)
                0x0000000010000034                . = ALIGN (0x4)
 *fill*         0x0000000010000031        0x3 
                0x0000000010000034                _edata = .

.igot.plt       0x0000000010000034        0x0 load address 0x000000000810790c
 .igot.plt      0x0000000010000034        0x0 C:/ST/STM32CubeIDE_1.13.2/STM32CubeIDE/plugins/com.st.stm32cube.ide.mcu.externaltools.gnu-tools-for-stm32.11.3.rel1.win32_1.1.1.202309131626/tools/bin/../lib/gcc/arm-none-eabi/11.3.1/thumb/v7e-m+fp/hard/crtbegin.o
                0x0000000010000034                . = ALIGN (0x4)

.bss            0x0000000010000034      0x6c0 load address 0x000000000810790c
                0x0000000010000034                _sbss = .
                0x0000000010000034                __bss_start__ = _sbss
 *(.bss)
 .bss           0x0000000010000034       0x1c C:/ST/STM32CubeIDE_1.13.2/STM32CubeIDE/plugins/com.st.stm32cube.ide.mcu.externaltools.gnu-tools-for-stm32.11.3.rel1.win32_1.1.1.202309131626/tools/bin/../lib/gcc/arm-none-eabi/11.3.1/thumb/v7e-m+fp/hard/crtbegin.o
 *(.bss*)
 .bss.SSD1306_Buffer
                0x0000000010000050      0x400 ./Core/Src/main.o
 .bss.SSD1306   0x0000000010000450        0x6 ./Core/Src/main.o
 *fill*         0x0000000010000456        0x2 
 .bss.hfdcan1   0x0000000010000458       0xa0 ./Core/Src/main.o
                0x0000000010000458                hfdcan1
 .bss.hi2c1     0x00000000100004f8       0x54 ./Core/Src/main.o
                0x00000000100004f8                hi2c1
 .bss.hi2c4     0x000000001000054c       0x54 ./Core/Src/main.o
                0x000000001000054c                hi2c4
 .bss.htim3     0x00000000100005a0       0x4c ./Core/Src/main.o
                0x00000000100005a0                htim3
 .bss.htim7     0x00000000100005ec       0x4c ./Core/Src/main.o
                0x00000000100005ec                htim7
 .bss.angle     0x0000000010000638        0x2 ./Core/Src/main.o
                0x0000000010000638                angle
 .bss.angleDegrees
                0x000000001000063a        0x2 ./Core/Src/main.o
                0x000000001000063a                angleDegrees
 .bss.referencia
                0x000000001000063c        0x2 ./Core/Src/main.o
                0x000000001000063c                referencia
 .bss.errorActual
                0x000000001000063e        0x2 ./Core/Src/main.o
                0x000000001000063e                errorActual
 .bss.errorAnterior
                0x0000000010000640        0x2 ./Core/Src/main.o
                0x0000000010000640                errorAnterior
 *fill*         0x0000000010000642        0x2 
 .bss.Gn        0x0000000010000644        0x4 ./Core/Src/main.o
                0x0000000010000644                Gn
 .bss.CicloUtil
                0x0000000010000648        0x1 ./Core/Src/main.o
                0x0000000010000648                CicloUtil
 *fill*         0x0000000010000649        0x3 
 .bss.last_int_time
                0x000000001000064c        0x4 ./Core/Src/main.o
                0x000000001000064c                last_int_time
 .bss.current_time
                0x0000000010000650        0x4 ./Core/Src/main.o
                0x0000000010000650                current_time
 .bss.RxHeader  0x0000000010000654       0x28 ./Core/Src/main.o
                0x0000000010000654                RxHeader
 .bss.TxHeader  0x000000001000067c       0x24 ./Core/Src/main.o
                0x000000001000067c                TxHeader
 .bss.TxHeader2
                0x00000000100006a0       0x24 ./Core/Src/main.o
                0x00000000100006a0                TxHeader2
 .bss.sFilterConfig
                0x00000000100006c4       0x20 ./Core/Src/main.o
                0x00000000100006c4                sFilterConfig
 .bss.RxData    0x00000000100006e4        0x8 ./Core/Src/main.o
                0x00000000100006e4                RxData
 .bss.tiempoDeError
                0x00000000100006ec        0x1 ./Core/Src/main.o
                0x00000000100006ec                tiempoDeError
 *fill*         0x00000000100006ed        0x3 
 .bss.uwTick    0x00000000100006f0        0x4 ./Drivers/STM32H7xx_HAL_Driver/stm32h7xx_hal.o
                0x00000000100006f0                uwTick
 *(COMMON)
                0x00000000100006f4                . = ALIGN (0x4)
                0x00000000100006f4                _ebss = .
                0x00000000100006f4                __bss_end__ = _ebss

._user_heap_stack
                0x00000000100006f4      0x604 load address 0x000000000810790c
                0x00000000100006f8                . = ALIGN (0x8)
 *fill*         0x00000000100006f4        0x4 
                [!provide]                        PROVIDE (end = .)
                0x00000000100006f8                PROVIDE (_end = .)
                0x00000000100008f8                . = (. + _Min_Heap_Size)
 *fill*         0x00000000100006f8      0x200 
                0x0000000010000cf8                . = (. + _Min_Stack_Size)
 *fill*         0x00000000100008f8      0x400 
                0x0000000010000cf8                . = ALIGN (0x8)

/DISCARD/
 libc.a(*)
 libm.a(*)
 libgcc.a(*)

.ARM.attributes
                0x0000000000000000       0x30
 *(.ARM.attributes)
 .ARM.attributes
                0x0000000000000000       0x1e C:/ST/STM32CubeIDE_1.13.2/STM32CubeIDE/plugins/com.st.stm32cube.ide.mcu.externaltools.gnu-tools-for-stm32.11.3.rel1.win32_1.1.1.202309131626/tools/bin/../lib/gcc/arm-none-eabi/11.3.1/thumb/v7e-m+fp/hard/crti.o
 .ARM.attributes
                0x000000000000001e       0x34 C:/ST/STM32CubeIDE_1.13.2/STM32CubeIDE/plugins/com.st.stm32cube.ide.mcu.externaltools.gnu-tools-for-stm32.11.3.rel1.win32_1.1.1.202309131626/tools/bin/../lib/gcc/arm-none-eabi/11.3.1/thumb/v7e-m+fp/hard/crtbegin.o
 .ARM.attributes
                0x0000000000000052       0x34 ./Common/Src/system_stm32h7xx_dualcore_boot_cm4_cm7.o
 .ARM.attributes
                0x0000000000000086       0x34 ./Core/Src/main.o
 .ARM.attributes
                0x00000000000000ba       0x34 ./Core/Src/stm32h7xx_hal_msp.o
 .ARM.attributes
                0x00000000000000ee       0x34 ./Core/Src/stm32h7xx_it.o
 .ARM.attributes
                0x0000000000000122       0x21 ./Core/Startup/startup_stm32h745zitx.o
 .ARM.attributes
                0x0000000000000143       0x34 ./Drivers/STM32H7xx_HAL_Driver/stm32h7xx_hal.o
 .ARM.attributes
                0x0000000000000177       0x34 ./Drivers/STM32H7xx_HAL_Driver/stm32h7xx_hal_cortex.o
 .ARM.attributes
                0x00000000000001ab       0x34 ./Drivers/STM32H7xx_HAL_Driver/stm32h7xx_hal_fdcan.o
 .ARM.attributes
                0x00000000000001df       0x34 ./Drivers/STM32H7xx_HAL_Driver/stm32h7xx_hal_gpio.o
 .ARM.attributes
                0x0000000000000213       0x34 ./Drivers/STM32H7xx_HAL_Driver/stm32h7xx_hal_hsem.o
 .ARM.attributes
                0x0000000000000247       0x34 ./Drivers/STM32H7xx_HAL_Driver/stm32h7xx_hal_i2c.o
 .ARM.attributes
                0x000000000000027b       0x34 ./Drivers/STM32H7xx_HAL_Driver/stm32h7xx_hal_i2c_ex.o
 .ARM.attributes
                0x00000000000002af       0x34 ./Drivers/STM32H7xx_HAL_Driver/stm32h7xx_hal_pwr_ex.o
 .ARM.attributes
                0x00000000000002e3       0x34 ./Drivers/STM32H7xx_HAL_Driver/stm32h7xx_hal_rcc.o
 .ARM.attributes
                0x0000000000000317       0x34 ./Drivers/STM32H7xx_HAL_Driver/stm32h7xx_hal_rcc_ex.o
 .ARM.attributes
                0x000000000000034b       0x34 ./Drivers/STM32H7xx_HAL_Driver/stm32h7xx_hal_tim.o
 .ARM.attributes
                0x000000000000037f       0x34 ./Drivers/STM32H7xx_HAL_Driver/stm32h7xx_hal_tim_ex.o
 .ARM.attributes
                0x00000000000003b3       0x34 C:/ST/STM32CubeIDE_1.13.2/STM32CubeIDE/plugins/com.st.stm32cube.ide.mcu.externaltools.gnu-tools-for-stm32.11.3.rel1.win32_1.1.1.202309131626/tools/bin/../lib/gcc/arm-none-eabi/11.3.1/../../../../arm-none-eabi/lib/thumb/v7e-m+fp/hard\libc_nano.a(libc_a-memset.o)
 .ARM.attributes
                0x00000000000003e7       0x34 C:/ST/STM32CubeIDE_1.13.2/STM32CubeIDE/plugins/com.st.stm32cube.ide.mcu.externaltools.gnu-tools-for-stm32.11.3.rel1.win32_1.1.1.202309131626/tools/bin/../lib/gcc/arm-none-eabi/11.3.1/../../../../arm-none-eabi/lib/thumb/v7e-m+fp/hard\libc_nano.a(libc_a-init.o)
 .ARM.attributes
                0x000000000000041b       0x34 C:/ST/STM32CubeIDE_1.13.2/STM32CubeIDE/plugins/com.st.stm32cube.ide.mcu.externaltools.gnu-tools-for-stm32.11.3.rel1.win32_1.1.1.202309131626/tools/bin/../lib/gcc/arm-none-eabi/11.3.1/../../../../arm-none-eabi/lib/thumb/v7e-m+fp/hard\libc_nano.a(libc_a-memcpy-stub.o)
 .ARM.attributes
                0x000000000000044f       0x1e C:/ST/STM32CubeIDE_1.13.2/STM32CubeIDE/plugins/com.st.stm32cube.ide.mcu.externaltools.gnu-tools-for-stm32.11.3.rel1.win32_1.1.1.202309131626/tools/bin/../lib/gcc/arm-none-eabi/11.3.1/thumb/v7e-m+fp/hard/crtn.o
OUTPUT(Reto_Final_Segundo_CM4.elf elf32-littlearm)
LOAD linker stubs
LOAD C:/ST/STM32CubeIDE_1.13.2/STM32CubeIDE/plugins/com.st.stm32cube.ide.mcu.externaltools.gnu-tools-for-stm32.11.3.rel1.win32_1.1.1.202309131626/tools/bin/../lib/gcc/arm-none-eabi/11.3.1/../../../../arm-none-eabi/lib/thumb/v7e-m+fp/hard\libc.a
LOAD C:/ST/STM32CubeIDE_1.13.2/STM32CubeIDE/plugins/com.st.stm32cube.ide.mcu.externaltools.gnu-tools-for-stm32.11.3.rel1.win32_1.1.1.202309131626/tools/bin/../lib/gcc/arm-none-eabi/11.3.1/../../../../arm-none-eabi/lib/thumb/v7e-m+fp/hard\libm.a
LOAD C:/ST/STM32CubeIDE_1.13.2/STM32CubeIDE/plugins/com.st.stm32cube.ide.mcu.externaltools.gnu-tools-for-stm32.11.3.rel1.win32_1.1.1.202309131626/tools/bin/../lib/gcc/arm-none-eabi/11.3.1/thumb/v7e-m+fp/hard\libgcc.a

.comment        0x0000000000000000       0x43
 .comment       0x0000000000000000       0x43 C:/ST/STM32CubeIDE_1.13.2/STM32CubeIDE/plugins/com.st.stm32cube.ide.mcu.externaltools.gnu-tools-for-stm32.11.3.rel1.win32_1.1.1.202309131626/tools/bin/../lib/gcc/arm-none-eabi/11.3.1/thumb/v7e-m+fp/hard/crtbegin.o
                                         0x44 (size before relaxing)
 .comment       0x0000000000000043       0x44 ./Common/Src/system_stm32h7xx_dualcore_boot_cm4_cm7.o
 .comment       0x0000000000000043       0x44 ./Core/Src/main.o
 .comment       0x0000000000000043       0x44 ./Core/Src/stm32h7xx_hal_msp.o
 .comment       0x0000000000000043       0x44 ./Core/Src/stm32h7xx_it.o
 .comment       0x0000000000000043       0x44 ./Drivers/STM32H7xx_HAL_Driver/stm32h7xx_hal.o
 .comment       0x0000000000000043       0x44 ./Drivers/STM32H7xx_HAL_Driver/stm32h7xx_hal_cortex.o
 .comment       0x0000000000000043       0x44 ./Drivers/STM32H7xx_HAL_Driver/stm32h7xx_hal_fdcan.o
 .comment       0x0000000000000043       0x44 ./Drivers/STM32H7xx_HAL_Driver/stm32h7xx_hal_gpio.o
 .comment       0x0000000000000043       0x44 ./Drivers/STM32H7xx_HAL_Driver/stm32h7xx_hal_hsem.o
 .comment       0x0000000000000043       0x44 ./Drivers/STM32H7xx_HAL_Driver/stm32h7xx_hal_i2c.o
 .comment       0x0000000000000043       0x44 ./Drivers/STM32H7xx_HAL_Driver/stm32h7xx_hal_i2c_ex.o
 .comment       0x0000000000000043       0x44 ./Drivers/STM32H7xx_HAL_Driver/stm32h7xx_hal_pwr_ex.o
 .comment       0x0000000000000043       0x44 ./Drivers/STM32H7xx_HAL_Driver/stm32h7xx_hal_rcc.o
 .comment       0x0000000000000043       0x44 ./Drivers/STM32H7xx_HAL_Driver/stm32h7xx_hal_rcc_ex.o
 .comment       0x0000000000000043       0x44 ./Drivers/STM32H7xx_HAL_Driver/stm32h7xx_hal_tim.o
 .comment       0x0000000000000043       0x44 ./Drivers/STM32H7xx_HAL_Driver/stm32h7xx_hal_tim_ex.o

.debug_info     0x0000000000000000    0x17e95
 .debug_info    0x0000000000000000      0x761 ./Common/Src/system_stm32h7xx_dualcore_boot_cm4_cm7.o
 .debug_info    0x0000000000000761     0x3ac2 ./Core/Src/main.o
 .debug_info    0x0000000000004223     0x24ac ./Core/Src/stm32h7xx_hal_msp.o
 .debug_info    0x00000000000066cf     0x101f ./Core/Src/stm32h7xx_it.o
 .debug_info    0x00000000000076ee       0x23 ./Core/Startup/startup_stm32h745zitx.o
 .debug_info    0x0000000000007711     0x17b0 ./Drivers/STM32H7xx_HAL_Driver/stm32h7xx_hal.o
 .debug_info    0x0000000000008ec1      0xedb ./Drivers/STM32H7xx_HAL_Driver/stm32h7xx_hal_cortex.o
 .debug_info    0x0000000000009d9c     0x2b8c ./Drivers/STM32H7xx_HAL_Driver/stm32h7xx_hal_fdcan.o
 .debug_info    0x000000000000c928      0xcf7 ./Drivers/STM32H7xx_HAL_Driver/stm32h7xx_hal_gpio.o
 .debug_info    0x000000000000d61f      0x3d3 ./Drivers/STM32H7xx_HAL_Driver/stm32h7xx_hal_hsem.o
 .debug_info    0x000000000000d9f2     0x222b ./Drivers/STM32H7xx_HAL_Driver/stm32h7xx_hal_i2c.o
 .debug_info    0x000000000000fc1d      0xd90 ./Drivers/STM32H7xx_HAL_Driver/stm32h7xx_hal_i2c_ex.o
 .debug_info    0x00000000000109ad     0x1026 ./Drivers/STM32H7xx_HAL_Driver/stm32h7xx_hal_pwr_ex.o
 .debug_info    0x00000000000119d3      0xe58 ./Drivers/STM32H7xx_HAL_Driver/stm32h7xx_hal_rcc.o
 .debug_info    0x000000000001282b     0x12f4 ./Drivers/STM32H7xx_HAL_Driver/stm32h7xx_hal_rcc_ex.o
 .debug_info    0x0000000000013b1f     0x2b8b ./Drivers/STM32H7xx_HAL_Driver/stm32h7xx_hal_tim.o
 .debug_info    0x00000000000166aa     0x17eb ./Drivers/STM32H7xx_HAL_Driver/stm32h7xx_hal_tim_ex.o

.debug_abbrev   0x0000000000000000     0x284b
 .debug_abbrev  0x0000000000000000      0x138 ./Common/Src/system_stm32h7xx_dualcore_boot_cm4_cm7.o
 .debug_abbrev  0x0000000000000138      0x51d ./Core/Src/main.o
 .debug_abbrev  0x0000000000000655      0x28d ./Core/Src/stm32h7xx_hal_msp.o
 .debug_abbrev  0x00000000000008e2      0x1df ./Core/Src/stm32h7xx_it.o
 .debug_abbrev  0x0000000000000ac1       0x12 ./Core/Startup/startup_stm32h745zitx.o
 .debug_abbrev  0x0000000000000ad3      0x29f ./Drivers/STM32H7xx_HAL_Driver/stm32h7xx_hal.o
 .debug_abbrev  0x0000000000000d72      0x337 ./Drivers/STM32H7xx_HAL_Driver/stm32h7xx_hal_cortex.o
 .debug_abbrev  0x00000000000010a9      0x288 ./Drivers/STM32H7xx_HAL_Driver/stm32h7xx_hal_fdcan.o
 .debug_abbrev  0x0000000000001331      0x1fe ./Drivers/STM32H7xx_HAL_Driver/stm32h7xx_hal_gpio.o
 .debug_abbrev  0x000000000000152f      0x1d3 ./Drivers/STM32H7xx_HAL_Driver/stm32h7xx_hal_hsem.o
 .debug_abbrev  0x0000000000001702      0x256 ./Drivers/STM32H7xx_HAL_Driver/stm32h7xx_hal_i2c.o
 .debug_abbrev  0x0000000000001958      0x1f5 ./Drivers/STM32H7xx_HAL_Driver/stm32h7xx_hal_i2c_ex.o
 .debug_abbrev  0x0000000000001b4d      0x2d6 ./Drivers/STM32H7xx_HAL_Driver/stm32h7xx_hal_pwr_ex.o
 .debug_abbrev  0x0000000000001e23      0x2c8 ./Drivers/STM32H7xx_HAL_Driver/stm32h7xx_hal_rcc.o
 .debug_abbrev  0x00000000000020eb      0x269 ./Drivers/STM32H7xx_HAL_Driver/stm32h7xx_hal_rcc_ex.o
 .debug_abbrev  0x0000000000002354      0x276 ./Drivers/STM32H7xx_HAL_Driver/stm32h7xx_hal_tim.o
 .debug_abbrev  0x00000000000025ca      0x281 ./Drivers/STM32H7xx_HAL_Driver/stm32h7xx_hal_tim_ex.o

.debug_aranges  0x0000000000000000     0x1518
 .debug_aranges
                0x0000000000000000       0x28 ./Common/Src/system_stm32h7xx_dualcore_boot_cm4_cm7.o
 .debug_aranges
                0x0000000000000028      0x160 ./Core/Src/main.o
 .debug_aranges
                0x0000000000000188       0x78 ./Core/Src/stm32h7xx_hal_msp.o
 .debug_aranges
                0x0000000000000200       0x88 ./Core/Src/stm32h7xx_it.o
 .debug_aranges
                0x0000000000000288       0x28 ./Core/Startup/startup_stm32h745zitx.o
 .debug_aranges
                0x00000000000002b0      0x200 ./Drivers/STM32H7xx_HAL_Driver/stm32h7xx_hal.o
 .debug_aranges
                0x00000000000004b0      0x120 ./Drivers/STM32H7xx_HAL_Driver/stm32h7xx_hal_cortex.o
 .debug_aranges
                0x00000000000005d0      0x338 ./Drivers/STM32H7xx_HAL_Driver/stm32h7xx_hal_fdcan.o
 .debug_aranges
                0x0000000000000908       0x58 ./Drivers/STM32H7xx_HAL_Driver/stm32h7xx_hal_gpio.o
 .debug_aranges
                0x0000000000000960       0x70 ./Drivers/STM32H7xx_HAL_Driver/stm32h7xx_hal_hsem.o
 .debug_aranges
                0x00000000000009d0      0x2a0 ./Drivers/STM32H7xx_HAL_Driver/stm32h7xx_hal_i2c.o
 .debug_aranges
                0x0000000000000c70       0x48 ./Drivers/STM32H7xx_HAL_Driver/stm32h7xx_hal_i2c_ex.o
 .debug_aranges
                0x0000000000000cb8      0x170 ./Drivers/STM32H7xx_HAL_Driver/stm32h7xx_hal_pwr_ex.o
 .debug_aranges
                0x0000000000000e28       0x88 ./Drivers/STM32H7xx_HAL_Driver/stm32h7xx_hal_rcc.o
 .debug_aranges
                0x0000000000000eb0      0x100 ./Drivers/STM32H7xx_HAL_Driver/stm32h7xx_hal_rcc_ex.o
 .debug_aranges
                0x0000000000000fb0      0x3e0 ./Drivers/STM32H7xx_HAL_Driver/stm32h7xx_hal_tim.o
 .debug_aranges
                0x0000000000001390      0x188 ./Drivers/STM32H7xx_HAL_Driver/stm32h7xx_hal_tim_ex.o

.debug_rnglists
                0x0000000000000000     0x107f
 .debug_rnglists
                0x0000000000000000       0x1a ./Common/Src/system_stm32h7xx_dualcore_boot_cm4_cm7.o
 .debug_rnglists
                0x000000000000001a      0x119 ./Core/Src/main.o
 .debug_rnglists
                0x0000000000000133       0x59 ./Core/Src/stm32h7xx_hal_msp.o
 .debug_rnglists
                0x000000000000018c       0x61 ./Core/Src/stm32h7xx_it.o
 .debug_rnglists
                0x00000000000001ed       0x19 ./Core/Startup/startup_stm32h745zitx.o
 .debug_rnglists
                0x0000000000000206      0x181 ./Drivers/STM32H7xx_HAL_Driver/stm32h7xx_hal.o
 .debug_rnglists
                0x0000000000000387       0xd4 ./Drivers/STM32H7xx_HAL_Driver/stm32h7xx_hal_cortex.o
 .debug_rnglists
                0x000000000000045b      0x28b ./Drivers/STM32H7xx_HAL_Driver/stm32h7xx_hal_fdcan.o
 .debug_rnglists
                0x00000000000006e6       0x3f ./Drivers/STM32H7xx_HAL_Driver/stm32h7xx_hal_gpio.o
 .debug_rnglists
                0x0000000000000725       0x4f ./Drivers/STM32H7xx_HAL_Driver/stm32h7xx_hal_hsem.o
 .debug_rnglists
                0x0000000000000774      0x22a ./Drivers/STM32H7xx_HAL_Driver/stm32h7xx_hal_i2c.o
 .debug_rnglists
                0x000000000000099e       0x35 ./Drivers/STM32H7xx_HAL_Driver/stm32h7xx_hal_i2c_ex.o
 .debug_rnglists
                0x00000000000009d3      0x117 ./Drivers/STM32H7xx_HAL_Driver/stm32h7xx_hal_pwr_ex.o
 .debug_rnglists
                0x0000000000000aea       0x68 ./Drivers/STM32H7xx_HAL_Driver/stm32h7xx_hal_rcc.o
 .debug_rnglists
                0x0000000000000b52       0xc6 ./Drivers/STM32H7xx_HAL_Driver/stm32h7xx_hal_rcc_ex.o
 .debug_rnglists
                0x0000000000000c18      0x328 ./Drivers/STM32H7xx_HAL_Driver/stm32h7xx_hal_tim.o
 .debug_rnglists
                0x0000000000000f40      0x13f ./Drivers/STM32H7xx_HAL_Driver/stm32h7xx_hal_tim_ex.o

.debug_macro    0x0000000000000000    0x3adf0
 .debug_macro   0x0000000000000000      0x2b4 ./Common/Src/system_stm32h7xx_dualcore_boot_cm4_cm7.o
 .debug_macro   0x00000000000002b4      0xaae ./Common/Src/system_stm32h7xx_dualcore_boot_cm4_cm7.o
 .debug_macro   0x0000000000000d62       0x2e ./Common/Src/system_stm32h7xx_dualcore_boot_cm4_cm7.o
 .debug_macro   0x0000000000000d90       0x3b ./Common/Src/system_stm32h7xx_dualcore_boot_cm4_cm7.o
 .debug_macro   0x0000000000000dcb       0x22 ./Common/Src/system_stm32h7xx_dualcore_boot_cm4_cm7.o
 .debug_macro   0x0000000000000ded       0x8e ./Common/Src/system_stm32h7xx_dualcore_boot_cm4_cm7.o
 .debug_macro   0x0000000000000e7b       0x51 ./Common/Src/system_stm32h7xx_dualcore_boot_cm4_cm7.o
 .debug_macro   0x0000000000000ecc      0x103 ./Common/Src/system_stm32h7xx_dualcore_boot_cm4_cm7.o
 .debug_macro   0x0000000000000fcf       0x6a ./Common/Src/system_stm32h7xx_dualcore_boot_cm4_cm7.o
 .debug_macro   0x0000000000001039      0x1df ./Common/Src/system_stm32h7xx_dualcore_boot_cm4_cm7.o
 .debug_macro   0x0000000000001218       0x1c ./Common/Src/system_stm32h7xx_dualcore_boot_cm4_cm7.o
 .debug_macro   0x0000000000001234       0x22 ./Common/Src/system_stm32h7xx_dualcore_boot_cm4_cm7.o
 .debug_macro   0x0000000000001256       0xfb ./Common/Src/system_stm32h7xx_dualcore_boot_cm4_cm7.o
 .debug_macro   0x0000000000001351     0x1011 ./Common/Src/system_stm32h7xx_dualcore_boot_cm4_cm7.o
 .debug_macro   0x0000000000002362      0x11f ./Common/Src/system_stm32h7xx_dualcore_boot_cm4_cm7.o
 .debug_macro   0x0000000000002481    0x26d43 ./Common/Src/system_stm32h7xx_dualcore_boot_cm4_cm7.o
 .debug_macro   0x00000000000291c4       0x6d ./Common/Src/system_stm32h7xx_dualcore_boot_cm4_cm7.o
 .debug_macro   0x0000000000029231      0x23e ./Common/Src/system_stm32h7xx_dualcore_boot_cm4_cm7.o
 .debug_macro   0x000000000002946f     0x3d5d ./Common/Src/system_stm32h7xx_dualcore_boot_cm4_cm7.o
 .debug_macro   0x000000000002d1cc      0x174 ./Common/Src/system_stm32h7xx_dualcore_boot_cm4_cm7.o
 .debug_macro   0x000000000002d340       0x61 ./Common/Src/system_stm32h7xx_dualcore_boot_cm4_cm7.o
 .debug_macro   0x000000000002d3a1       0x2a ./Common/Src/system_stm32h7xx_dualcore_boot_cm4_cm7.o
 .debug_macro   0x000000000002d3cb       0x43 ./Common/Src/system_stm32h7xx_dualcore_boot_cm4_cm7.o
 .debug_macro   0x000000000002d40e       0x34 ./Common/Src/system_stm32h7xx_dualcore_boot_cm4_cm7.o
 .debug_macro   0x000000000002d442       0x16 ./Common/Src/system_stm32h7xx_dualcore_boot_cm4_cm7.o
 .debug_macro   0x000000000002d458       0x43 ./Common/Src/system_stm32h7xx_dualcore_boot_cm4_cm7.o
 .debug_macro   0x000000000002d49b       0x34 ./Common/Src/system_stm32h7xx_dualcore_boot_cm4_cm7.o
 .debug_macro   0x000000000002d4cf       0x10 ./Common/Src/system_stm32h7xx_dualcore_boot_cm4_cm7.o
 .debug_macro   0x000000000002d4df       0x58 ./Common/Src/system_stm32h7xx_dualcore_boot_cm4_cm7.o
 .debug_macro   0x000000000002d537       0x8e ./Common/Src/system_stm32h7xx_dualcore_boot_cm4_cm7.o
 .debug_macro   0x000000000002d5c5       0x1c ./Common/Src/system_stm32h7xx_dualcore_boot_cm4_cm7.o
 .debug_macro   0x000000000002d5e1      0x177 ./Common/Src/system_stm32h7xx_dualcore_boot_cm4_cm7.o
 .debug_macro   0x000000000002d758      0x369 ./Common/Src/system_stm32h7xx_dualcore_boot_cm4_cm7.o
 .debug_macro   0x000000000002dac1      0x19b ./Common/Src/system_stm32h7xx_dualcore_boot_cm4_cm7.o
 .debug_macro   0x000000000002dc5c       0x5d ./Common/Src/system_stm32h7xx_dualcore_boot_cm4_cm7.o
 .debug_macro   0x000000000002dcb9     0x3a9d ./Common/Src/system_stm32h7xx_dualcore_boot_cm4_cm7.o
 .debug_macro   0x0000000000031756     0x1072 ./Common/Src/system_stm32h7xx_dualcore_boot_cm4_cm7.o
 .debug_macro   0x00000000000327c8      0x154 ./Common/Src/system_stm32h7xx_dualcore_boot_cm4_cm7.o
 .debug_macro   0x000000000003291c      0x130 ./Common/Src/system_stm32h7xx_dualcore_boot_cm4_cm7.o
 .debug_macro   0x0000000000032a4c      0x3be ./Common/Src/system_stm32h7xx_dualcore_boot_cm4_cm7.o
 .debug_macro   0x0000000000032e0a       0xac ./Common/Src/system_stm32h7xx_dualcore_boot_cm4_cm7.o
 .debug_macro   0x0000000000032eb6      0x72d ./Common/Src/system_stm32h7xx_dualcore_boot_cm4_cm7.o
 .debug_macro   0x00000000000335e3      0x228 ./Common/Src/system_stm32h7xx_dualcore_boot_cm4_cm7.o
 .debug_macro   0x000000000003380b       0x66 ./Common/Src/system_stm32h7xx_dualcore_boot_cm4_cm7.o
 .debug_macro   0x0000000000033871      0x3bb ./Common/Src/system_stm32h7xx_dualcore_boot_cm4_cm7.o
 .debug_macro   0x0000000000033c2c      0x407 ./Common/Src/system_stm32h7xx_dualcore_boot_cm4_cm7.o
 .debug_macro   0x0000000000034033      0x244 ./Common/Src/system_stm32h7xx_dualcore_boot_cm4_cm7.o
 .debug_macro   0x0000000000034277      0xe42 ./Common/Src/system_stm32h7xx_dualcore_boot_cm4_cm7.o
 .debug_macro   0x00000000000350b9      0x3ca ./Common/Src/system_stm32h7xx_dualcore_boot_cm4_cm7.o
 .debug_macro   0x0000000000035483      0x4a2 ./Common/Src/system_stm32h7xx_dualcore_boot_cm4_cm7.o
 .debug_macro   0x0000000000035925       0x51 ./Common/Src/system_stm32h7xx_dualcore_boot_cm4_cm7.o
 .debug_macro   0x0000000000035976       0x4a ./Common/Src/system_stm32h7xx_dualcore_boot_cm4_cm7.o
 .debug_macro   0x00000000000359c0      0x22c ./Common/Src/system_stm32h7xx_dualcore_boot_cm4_cm7.o
 .debug_macro   0x0000000000035bec       0x67 ./Common/Src/system_stm32h7xx_dualcore_boot_cm4_cm7.o
 .debug_macro   0x0000000000035c53       0xa5 ./Common/Src/system_stm32h7xx_dualcore_boot_cm4_cm7.o
 .debug_macro   0x0000000000035cf8      0x218 ./Common/Src/system_stm32h7xx_dualcore_boot_cm4_cm7.o
 .debug_macro   0x0000000000035f10      0x2ea ./Common/Src/system_stm32h7xx_dualcore_boot_cm4_cm7.o
 .debug_macro   0x00000000000361fa       0x35 ./Common/Src/system_stm32h7xx_dualcore_boot_cm4_cm7.o
 .debug_macro   0x000000000003622f      0xaf3 ./Common/Src/system_stm32h7xx_dualcore_boot_cm4_cm7.o
 .debug_macro   0x0000000000036d22      0x29f ./Common/Src/system_stm32h7xx_dualcore_boot_cm4_cm7.o
 .debug_macro   0x0000000000036fc1      0x693 ./Common/Src/system_stm32h7xx_dualcore_boot_cm4_cm7.o
 .debug_macro   0x0000000000037654       0xa6 ./Common/Src/system_stm32h7xx_dualcore_boot_cm4_cm7.o
 .debug_macro   0x00000000000376fa      0x798 ./Common/Src/system_stm32h7xx_dualcore_boot_cm4_cm7.o
 .debug_macro   0x0000000000037e92      0x3b4 ./Core/Src/main.o
 .debug_macro   0x0000000000038246       0x58 ./Core/Src/main.o
 .debug_macro   0x000000000003829e       0x1c ./Core/Src/main.o
 .debug_macro   0x00000000000382ba       0x35 ./Core/Src/main.o
 .debug_macro   0x00000000000382ef       0x10 ./Core/Src/main.o
 .debug_macro   0x00000000000382ff       0x1c ./Core/Src/main.o
 .debug_macro   0x000000000003831b       0x16 ./Core/Src/main.o
 .debug_macro   0x0000000000038331      0x147 ./Core/Src/main.o
 .debug_macro   0x0000000000038478       0x16 ./Core/Src/main.o
 .debug_macro   0x000000000003848e       0x20 ./Core/Src/main.o
 .debug_macro   0x00000000000384ae       0x4c ./Core/Src/main.o
 .debug_macro   0x00000000000384fa       0x10 ./Core/Src/main.o
 .debug_macro   0x000000000003850a       0x34 ./Core/Src/main.o
 .debug_macro   0x000000000003853e       0x16 ./Core/Src/main.o
 .debug_macro   0x0000000000038554       0x16 ./Core/Src/main.o
 .debug_macro   0x000000000003856a       0x29 ./Core/Src/main.o
 .debug_macro   0x0000000000038593      0x2c3 ./Core/Src/stm32h7xx_hal_msp.o
 .debug_macro   0x0000000000038856      0x2cd ./Core/Src/stm32h7xx_it.o
 .debug_macro   0x0000000000038b23      0x2de ./Drivers/STM32H7xx_HAL_Driver/stm32h7xx_hal.o
 .debug_macro   0x0000000000038e01      0x2b4 ./Drivers/STM32H7xx_HAL_Driver/stm32h7xx_hal_cortex.o
 .debug_macro   0x00000000000390b5      0x379 ./Drivers/STM32H7xx_HAL_Driver/stm32h7xx_hal_fdcan.o
 .debug_macro   0x000000000003942e      0x2c8 ./Drivers/STM32H7xx_HAL_Driver/stm32h7xx_hal_gpio.o
 .debug_macro   0x00000000000396f6      0x2c6 ./Drivers/STM32H7xx_HAL_Driver/stm32h7xx_hal_hsem.o
 .debug_macro   0x00000000000399bc      0x380 ./Drivers/STM32H7xx_HAL_Driver/stm32h7xx_hal_i2c.o
 .debug_macro   0x0000000000039d3c      0x2b4 ./Drivers/STM32H7xx_HAL_Driver/stm32h7xx_hal_i2c_ex.o
 .debug_macro   0x0000000000039ff0      0x2ed ./Drivers/STM32H7xx_HAL_Driver/stm32h7xx_hal_pwr_ex.o
 .debug_macro   0x000000000003a2dd      0x2d8 ./Drivers/STM32H7xx_HAL_Driver/stm32h7xx_hal_rcc.o
 .debug_macro   0x000000000003a5b5      0x2d2 ./Drivers/STM32H7xx_HAL_Driver/stm32h7xx_hal_rcc_ex.o
 .debug_macro   0x000000000003a887      0x2b5 ./Drivers/STM32H7xx_HAL_Driver/stm32h7xx_hal_tim.o
 .debug_macro   0x000000000003ab3c      0x2b4 ./Drivers/STM32H7xx_HAL_Driver/stm32h7xx_hal_tim_ex.o

.debug_line     0x0000000000000000    0x1812f
 .debug_line    0x0000000000000000      0xa7a ./Common/Src/system_stm32h7xx_dualcore_boot_cm4_cm7.o
 .debug_line    0x0000000000000a7a     0x1724 ./Core/Src/main.o
 .debug_line    0x000000000000219e      0xb06 ./Core/Src/stm32h7xx_hal_msp.o
 .debug_line    0x0000000000002ca4      0xa3a ./Core/Src/stm32h7xx_it.o
 .debug_line    0x00000000000036de       0x7a ./Core/Startup/startup_stm32h745zitx.o
 .debug_line    0x0000000000003758     0x1038 ./Drivers/STM32H7xx_HAL_Driver/stm32h7xx_hal.o
 .debug_line    0x0000000000004790      0xeeb ./Drivers/STM32H7xx_HAL_Driver/stm32h7xx_hal_cortex.o
 .debug_line    0x000000000000567b     0x2847 ./Drivers/STM32H7xx_HAL_Driver/stm32h7xx_hal_fdcan.o
 .debug_line    0x0000000000007ec2      0xd9e ./Drivers/STM32H7xx_HAL_Driver/stm32h7xx_hal_gpio.o
 .debug_line    0x0000000000008c60      0xa9b ./Drivers/STM32H7xx_HAL_Driver/stm32h7xx_hal_hsem.o
 .debug_line    0x00000000000096fb     0x3ccc ./Drivers/STM32H7xx_HAL_Driver/stm32h7xx_hal_i2c.o
 .debug_line    0x000000000000d3c7      0xb49 ./Drivers/STM32H7xx_HAL_Driver/stm32h7xx_hal_i2c_ex.o
 .debug_line    0x000000000000df10     0x1106 ./Drivers/STM32H7xx_HAL_Driver/stm32h7xx_hal_pwr_ex.o
 .debug_line    0x000000000000f016     0x14a9 ./Drivers/STM32H7xx_HAL_Driver/stm32h7xx_hal_rcc.o
 .debug_line    0x00000000000104bf     0x1dba ./Drivers/STM32H7xx_HAL_Driver/stm32h7xx_hal_rcc_ex.o
 .debug_line    0x0000000000012279     0x4028 ./Drivers/STM32H7xx_HAL_Driver/stm32h7xx_hal_tim.o
 .debug_line    0x00000000000162a1     0x1e8e ./Drivers/STM32H7xx_HAL_Driver/stm32h7xx_hal_tim_ex.o

.debug_str      0x0000000000000000   0x18d45d
 .debug_str     0x0000000000000000   0x1840d4 ./Common/Src/system_stm32h7xx_dualcore_boot_cm4_cm7.o
                                     0x184527 (size before relaxing)
 .debug_str     0x00000000001840d4     0x2e27 ./Core/Src/main.o
                                     0x1874da (size before relaxing)
 .debug_str     0x0000000000186efb      0x450 ./Core/Src/stm32h7xx_hal_msp.o
                                     0x1862cc (size before relaxing)
 .debug_str     0x000000000018734b      0x17b ./Core/Src/stm32h7xx_it.o
                                     0x184f37 (size before relaxing)
 .debug_str     0x00000000001874c6       0x34 ./Core/Startup/startup_stm32h745zitx.o
                                         0x6d (size before relaxing)
 .debug_str     0x00000000001874fa      0xa75 ./Drivers/STM32H7xx_HAL_Driver/stm32h7xx_hal.o
                                     0x18588e (size before relaxing)
 .debug_str     0x0000000000187f6f      0x353 ./Drivers/STM32H7xx_HAL_Driver/stm32h7xx_hal_cortex.o
                                     0x184fdc (size before relaxing)
 .debug_str     0x00000000001882c2     0x1a0b ./Drivers/STM32H7xx_HAL_Driver/stm32h7xx_hal_fdcan.o
                                     0x18643d (size before relaxing)
 .debug_str     0x0000000000189ccd      0x101 ./Drivers/STM32H7xx_HAL_Driver/stm32h7xx_hal_gpio.o
                                     0x18477c (size before relaxing)
 .debug_str     0x0000000000189dce      0x19d ./Drivers/STM32H7xx_HAL_Driver/stm32h7xx_hal_hsem.o
                                     0x184407 (size before relaxing)
 .debug_str     0x0000000000189f6b      0xe3b ./Drivers/STM32H7xx_HAL_Driver/stm32h7xx_hal_i2c.o
                                     0x1857aa (size before relaxing)
 .debug_str     0x000000000018ada6       0xe4 ./Drivers/STM32H7xx_HAL_Driver/stm32h7xx_hal_i2c_ex.o
                                     0x184b75 (size before relaxing)
 .debug_str     0x000000000018ae8a      0x6ba ./Drivers/STM32H7xx_HAL_Driver/stm32h7xx_hal_pwr_ex.o
                                     0x184bd2 (size before relaxing)
 .debug_str     0x000000000018b544      0x532 ./Drivers/STM32H7xx_HAL_Driver/stm32h7xx_hal_rcc.o
                                     0x184afd (size before relaxing)
 .debug_str     0x000000000018ba76      0x689 ./Drivers/STM32H7xx_HAL_Driver/stm32h7xx_hal_rcc_ex.o
                                     0x185032 (size before relaxing)
 .debug_str     0x000000000018c0ff      0xda2 ./Drivers/STM32H7xx_HAL_Driver/stm32h7xx_hal_tim.o
                                     0x185879 (size before relaxing)
 .debug_str     0x000000000018cea1      0x5bc ./Drivers/STM32H7xx_HAL_Driver/stm32h7xx_hal_tim_ex.o
                                     0x1851b1 (size before relaxing)

.debug_frame    0x0000000000000000     0x5bf8
 .debug_frame   0x0000000000000000       0x58 ./Common/Src/system_stm32h7xx_dualcore_boot_cm4_cm7.o
 .debug_frame   0x0000000000000058      0x5d0 ./Core/Src/main.o
 .debug_frame   0x0000000000000628      0x1d4 ./Core/Src/stm32h7xx_hal_msp.o
 .debug_frame   0x00000000000007fc      0x190 ./Core/Src/stm32h7xx_it.o
 .debug_frame   0x000000000000098c      0x848 ./Drivers/STM32H7xx_HAL_Driver/stm32h7xx_hal.o
 .debug_frame   0x00000000000011d4      0x4b8 ./Drivers/STM32H7xx_HAL_Driver/stm32h7xx_hal_cortex.o
 .debug_frame   0x000000000000168c      0xf9c ./Drivers/STM32H7xx_HAL_Driver/stm32h7xx_hal_fdcan.o
 .debug_frame   0x0000000000002628      0x14c ./Drivers/STM32H7xx_HAL_Driver/stm32h7xx_hal_gpio.o
 .debug_frame   0x0000000000002774      0x1bc ./Drivers/STM32H7xx_HAL_Driver/stm32h7xx_hal_hsem.o
 .debug_frame   0x0000000000002930      0xc40 ./Drivers/STM32H7xx_HAL_Driver/stm32h7xx_hal_i2c.o
 .debug_frame   0x0000000000003570      0x100 ./Drivers/STM32H7xx_HAL_Driver/stm32h7xx_hal_i2c_ex.o
 .debug_frame   0x0000000000003670      0x5ec ./Drivers/STM32H7xx_HAL_Driver/stm32h7xx_hal_pwr_ex.o
 .debug_frame   0x0000000000003c5c      0x1f8 ./Drivers/STM32H7xx_HAL_Driver/stm32h7xx_hal_rcc.o
 .debug_frame   0x0000000000003e54      0x43c ./Drivers/STM32H7xx_HAL_Driver/stm32h7xx_hal_rcc_ex.o
 .debug_frame   0x0000000000004290     0x121c ./Drivers/STM32H7xx_HAL_Driver/stm32h7xx_hal_tim.o
 .debug_frame   0x00000000000054ac      0x6d8 ./Drivers/STM32H7xx_HAL_Driver/stm32h7xx_hal_tim_ex.o
 .debug_frame   0x0000000000005b84       0x20 C:/ST/STM32CubeIDE_1.13.2/STM32CubeIDE/plugins/com.st.stm32cube.ide.mcu.externaltools.gnu-tools-for-stm32.11.3.rel1.win32_1.1.1.202309131626/tools/bin/../lib/gcc/arm-none-eabi/11.3.1/../../../../arm-none-eabi/lib/thumb/v7e-m+fp/hard\libc_nano.a(libc_a-memset.o)
 .debug_frame   0x0000000000005ba4       0x2c C:/ST/STM32CubeIDE_1.13.2/STM32CubeIDE/plugins/com.st.stm32cube.ide.mcu.externaltools.gnu-tools-for-stm32.11.3.rel1.win32_1.1.1.202309131626/tools/bin/../lib/gcc/arm-none-eabi/11.3.1/../../../../arm-none-eabi/lib/thumb/v7e-m+fp/hard\libc_nano.a(libc_a-init.o)
 .debug_frame   0x0000000000005bd0       0x28 C:/ST/STM32CubeIDE_1.13.2/STM32CubeIDE/plugins/com.st.stm32cube.ide.mcu.externaltools.gnu-tools-for-stm32.11.3.rel1.win32_1.1.1.202309131626/tools/bin/../lib/gcc/arm-none-eabi/11.3.1/../../../../arm-none-eabi/lib/thumb/v7e-m+fp/hard\libc_nano.a(libc_a-memcpy-stub.o)

.debug_line_str
                0x0000000000000000       0x61
 .debug_line_str
                0x0000000000000000       0x61 ./Core/Startup/startup_stm32h745zitx.o
                                         0x79 (size before relaxing)
