../Core/Src/main.c:143:5:main	16	static
../Core/Src/main.c:226:6:SystemClock_Config	120	static
../Core/Src/main.c:285:13:MX_I2C2_Init	8	static
../Core/Src/main.c:333:13:MX_TIM6_Init	24	static
../Core/Src/main.c:371:13:MX_USART3_UART_Init	8	static
../Core/Src/main.c:419:13:MX_USB_OTG_FS_PCD_Init	8	static
../Core/Src/main.c:455:13:MX_GPIO_Init	32	static
../Core/Src/main.c:473:6:MPU6050_init	32	static
../Core/Src/main.c:492:6:MPU6050_read_gyro	24	static
../Core/Src/main.c:514:5:bitReverse	32	static
../Core/Src/main.c:525:6:iterativeFFT	128	static
../Core/Src/main.c:552:6:HAL_TIM_PeriodElapsedCallback	24	static
../Core/Src/main.c:571:6:evaluacionFrec	16	static
../Core/Src/main.c:589:6:Error_Handler	4	static,ignoring_inline_asm
