C:/CodigosSistemasEmbebidos/Reto_Final_Segundo/Drivers/OLED/ssd1306.c:8:6:ssd1306_Reset	1
C:/CodigosSistemasEmbebidos/Reto_Final_Segundo/Drivers/OLED/ssd1306.c:13:6:ssd1306_WriteCommand	1
C:/CodigosSistemasEmbebidos/Reto_Final_Segundo/Drivers/OLED/ssd1306.c:18:6:ssd1306_WriteData	1
C:/CodigosSistemasEmbebidos/Reto_Final_Segundo/Drivers/OLED/ssd1306.c:63:17:ssd1306_FillBuffer	2
C:/CodigosSistemasEmbebidos/Reto_Final_Segundo/Drivers/OLED/ssd1306.c:73:6:ssd1306_Init	1
C:/CodigosSistemasEmbebidos/Reto_Final_Segundo/Drivers/OLED/ssd1306.c:175:6:ssd1306_Fill	3
C:/CodigosSistemasEmbebidos/Reto_Final_Segundo/Drivers/OLED/ssd1306.c:184:6:ssd1306_UpdateScreen	2
C:/CodigosSistemasEmbebidos/Reto_Final_Segundo/Drivers/OLED/ssd1306.c:205:6:ssd1306_DrawPixel	4
C:/CodigosSistemasEmbebidos/Reto_Final_Segundo/Drivers/OLED/ssd1306.c:225:6:ssd1306_WriteChar	8
C:/CodigosSistemasEmbebidos/Reto_Final_Segundo/Drivers/OLED/ssd1306.c:260:6:ssd1306_WriteString	3
C:/CodigosSistemasEmbebidos/Reto_Final_Segundo/Drivers/OLED/ssd1306.c:274:6:ssd1306_SetCursor	1
C:/CodigosSistemasEmbebidos/Reto_Final_Segundo/Drivers/OLED/ssd1306.c:280:6:ssd1306_Line	7
C:/CodigosSistemasEmbebidos/Reto_Final_Segundo/Drivers/OLED/ssd1306.c:307:6:ssd1306_Polyline	3
C:/CodigosSistemasEmbebidos/Reto_Final_Segundo/Drivers/OLED/ssd1306.c:321:14:ssd1306_DegToRad	1
C:/CodigosSistemasEmbebidos/Reto_Final_Segundo/Drivers/OLED/ssd1306.c:326:17:ssd1306_NormalizeTo0_360	3
C:/CodigosSistemasEmbebidos/Reto_Final_Segundo/Drivers/OLED/ssd1306.c:342:6:ssd1306_DrawArc	3
C:/CodigosSistemasEmbebidos/Reto_Final_Segundo/Drivers/OLED/ssd1306.c:382:6:ssd1306_DrawArcWithRadiusLine	3
C:/CodigosSistemasEmbebidos/Reto_Final_Segundo/Drivers/OLED/ssd1306.c:425:6:ssd1306_DrawCircle	8
C:/CodigosSistemasEmbebidos/Reto_Final_Segundo/Drivers/OLED/ssd1306.c:460:6:ssd1306_FillCircle	10
C:/CodigosSistemasEmbebidos/Reto_Final_Segundo/Drivers/OLED/ssd1306.c:496:6:ssd1306_DrawRectangle	1
C:/CodigosSistemasEmbebidos/Reto_Final_Segundo/Drivers/OLED/ssd1306.c:506:6:ssd1306_FillRectangle	5
C:/CodigosSistemasEmbebidos/Reto_Final_Segundo/Drivers/OLED/ssd1306.c:521:6:ssd1306_DrawBitmap	8
C:/CodigosSistemasEmbebidos/Reto_Final_Segundo/Drivers/OLED/ssd1306.c:545:6:ssd1306_SetContrast	1
C:/CodigosSistemasEmbebidos/Reto_Final_Segundo/Drivers/OLED/ssd1306.c:551:6:ssd1306_SetDisplayOn	2
C:/CodigosSistemasEmbebidos/Reto_Final_Segundo/Drivers/OLED/ssd1306.c:563:9:ssd1306_GetDisplayOn	1
../Core/Src/main.c:153:5:main	2
../Core/Src/main.c:231:13:MX_FDCAN1_Init	5
../Core/Src/main.c:327:13:MX_I2C1_Init	4
../Core/Src/main.c:375:13:MX_I2C4_Init	4
../Core/Src/main.c:423:13:MX_TIM3_Init	5
../Core/Src/main.c:476:13:MX_TIM7_Init	3
../Core/Src/main.c:514:6:MX_USART3_UART_Init	5
../Core/Src/main.c:562:13:MX_GPIO_Init	1
../Core/Src/main.c:621:6:HAL_TIM_PeriodElapsedCallback	7
../Core/Src/main.c:691:6:AS5600_init	1
../Core/Src/main.c:701:6:AS5600_read_angle	1
../Core/Src/main.c:710:6:HAL_GPIO_EXTI_Callback	7
../Core/Src/main.c:739:6:HAL_FDCAN_RxFifo0Callback	7
../Core/Src/main.c:782:6:updateOLED	5
../Core/Src/main.c:798:6:HAL_HSEM_FreeCallback	6
../Core/Src/main.c:826:6:Error_Handler	1
