C:/CodigosSistemasEmbebidos/Reto_Final_Segundo/Drivers/OLED/ssd1306.c:8:6:ssd1306_Reset	4	static
C:/CodigosSistemasEmbebidos/Reto_Final_Segundo/Drivers/OLED/ssd1306.c:13:6:ssd1306_WriteCommand	32	static
C:/CodigosSistemasEmbebidos/Reto_Final_Segundo/Drivers/OLED/ssd1306.c:18:6:ssd1306_WriteData	32	static
C:/CodigosSistemasEmbebidos/Reto_Final_Segundo/Drivers/OLED/ssd1306.c:63:17:ssd1306_FillBuffer	24	static
C:/CodigosSistemasEmbebidos/Reto_Final_Segundo/Drivers/OLED/ssd1306.c:73:6:ssd1306_Init	8	static
C:/CodigosSistemasEmbebidos/Reto_Final_Segundo/Drivers/OLED/ssd1306.c:175:6:ssd1306_Fill	24	static
C:/CodigosSistemasEmbebidos/Reto_Final_Segundo/Drivers/OLED/ssd1306.c:184:6:ssd1306_UpdateScreen	16	static
C:/CodigosSistemasEmbebidos/Reto_Final_Segundo/Drivers/OLED/ssd1306.c:205:6:ssd1306_DrawPixel	16	static
C:/CodigosSistemasEmbebidos/Reto_Final_Segundo/Drivers/OLED/ssd1306.c:225:6:ssd1306_WriteChar	48	static
C:/CodigosSistemasEmbebidos/Reto_Final_Segundo/Drivers/OLED/ssd1306.c:260:6:ssd1306_WriteString	24	static
C:/CodigosSistemasEmbebidos/Reto_Final_Segundo/Drivers/OLED/ssd1306.c:274:6:ssd1306_SetCursor	16	static
C:/CodigosSistemasEmbebidos/Reto_Final_Segundo/Drivers/OLED/ssd1306.c:280:6:ssd1306_Line	48	static
C:/CodigosSistemasEmbebidos/Reto_Final_Segundo/Drivers/OLED/ssd1306.c:307:6:ssd1306_Polyline	40	static
C:/CodigosSistemasEmbebidos/Reto_Final_Segundo/Drivers/OLED/ssd1306.c:321:14:ssd1306_DegToRad	16	static
C:/CodigosSistemasEmbebidos/Reto_Final_Segundo/Drivers/OLED/ssd1306.c:326:17:ssd1306_NormalizeTo0_360	24	static
C:/CodigosSistemasEmbebidos/Reto_Final_Segundo/Drivers/OLED/ssd1306.c:342:6:ssd1306_DrawArc	56	static
C:/CodigosSistemasEmbebidos/Reto_Final_Segundo/Drivers/OLED/ssd1306.c:382:6:ssd1306_DrawArcWithRadiusLine	64	static
C:/CodigosSistemasEmbebidos/Reto_Final_Segundo/Drivers/OLED/ssd1306.c:425:6:ssd1306_DrawCircle	40	static
C:/CodigosSistemasEmbebidos/Reto_Final_Segundo/Drivers/OLED/ssd1306.c:460:6:ssd1306_FillCircle	48	static
C:/CodigosSistemasEmbebidos/Reto_Final_Segundo/Drivers/OLED/ssd1306.c:496:6:ssd1306_DrawRectangle	32	static
C:/CodigosSistemasEmbebidos/Reto_Final_Segundo/Drivers/OLED/ssd1306.c:506:6:ssd1306_FillRectangle	32	static
C:/CodigosSistemasEmbebidos/Reto_Final_Segundo/Drivers/OLED/ssd1306.c:521:6:ssd1306_DrawBitmap	24	static
C:/CodigosSistemasEmbebidos/Reto_Final_Segundo/Drivers/OLED/ssd1306.c:545:6:ssd1306_SetContrast	24	static
C:/CodigosSistemasEmbebidos/Reto_Final_Segundo/Drivers/OLED/ssd1306.c:551:6:ssd1306_SetDisplayOn	24	static
C:/CodigosSistemasEmbebidos/Reto_Final_Segundo/Drivers/OLED/ssd1306.c:563:9:ssd1306_GetDisplayOn	4	static
../Core/Src/main.c:153:5:main	16	static
../Core/Src/main.c:231:13:MX_FDCAN1_Init	8	static
../Core/Src/main.c:327:13:MX_I2C1_Init	8	static
../Core/Src/main.c:375:13:MX_I2C4_Init	8	static
../Core/Src/main.c:423:13:MX_TIM3_Init	48	static
../Core/Src/main.c:476:13:MX_TIM7_Init	24	static
../Core/Src/main.c:514:6:MX_USART3_UART_Init	8	static
../Core/Src/main.c:562:13:MX_GPIO_Init	56	static
../Core/Src/main.c:621:6:HAL_TIM_PeriodElapsedCallback	24	static
../Core/Src/main.c:691:6:AS5600_init	32	static
../Core/Src/main.c:701:6:AS5600_read_angle	32	static
../Core/Src/main.c:710:6:HAL_GPIO_EXTI_Callback	16	static
../Core/Src/main.c:739:6:HAL_FDCAN_RxFifo0Callback	16	static
../Core/Src/main.c:782:6:updateOLED	16	static
../Core/Src/main.c:798:6:HAL_HSEM_FreeCallback	16	static
../Core/Src/main.c:826:6:Error_Handler	4	static,ignoring_inline_asm
